Component: ARM Compiler 5.06 update 6 (build 750) Tool: armlink [4d35ed]

==============================================================================

Section Cross References

    startup_stm32f072xb.o(RESET) refers to startup_stm32f072xb.o(STACK) for __initial_sp
    startup_stm32f072xb.o(RESET) refers to startup_stm32f072xb.o(.text) for Reset_Handler
    startup_stm32f072xb.o(RESET) refers to port.o(i.SVC_Handler) for SVC_Handler
    startup_stm32f072xb.o(RESET) refers to port.o(.emb_text) for PendSV_Handler
    startup_stm32f072xb.o(RESET) refers to stm32f0xx_it.o(i.SysTick_Handler) for SysTick_Handler
    startup_stm32f072xb.o(RESET) refers to stm32f0xx_it.o(i.EXTI2_3_IRQHandler) for EXTI2_3_IRQHandler
    startup_stm32f072xb.o(RESET) refers to stm32f0xx_it.o(i.EXTI4_15_IRQHandler) for EXTI4_15_IRQHandler
    startup_stm32f072xb.o(RESET) refers to stm32f0xx_it.o(i.TIM1_BRK_UP_TRG_COM_IRQHandler) for TIM1_BRK_UP_TRG_COM_IRQHandler
    startup_stm32f072xb.o(RESET) refers to stm32f0xx_it.o(i.TIM2_IRQHandler) for TIM2_IRQHandler
    startup_stm32f072xb.o(RESET) refers to stm32f0xx_it.o(i.USART2_IRQHandler) for USART2_IRQHandler
    startup_stm32f072xb.o(.text) refers to system_stm32f0xx.o(i.SystemInit) for SystemInit
    startup_stm32f072xb.o(.text) refers to entry.o(.ARM.Collect$$$$00000000) for __main
    stm32f0xx_hal_flash_ex.o(i.FLASH_MassErase) refers to stm32f0xx_hal_flash.o(.bss) for pFlash
    stm32f0xx_hal_flash_ex.o(i.FLASH_OB_DisableWRP) refers to stm32f0xx_hal_flash.o(i.FLASH_WaitForLastOperation) for FLASH_WaitForLastOperation
    stm32f0xx_hal_flash_ex.o(i.FLASH_OB_DisableWRP) refers to stm32f0xx_hal_flash_ex.o(i.HAL_FLASHEx_OBErase) for HAL_FLASHEx_OBErase
    stm32f0xx_hal_flash_ex.o(i.FLASH_OB_DisableWRP) refers to stm32f0xx_hal_flash.o(.bss) for pFlash
    stm32f0xx_hal_flash_ex.o(i.FLASH_OB_EnableWRP) refers to stm32f0xx_hal_flash.o(i.FLASH_WaitForLastOperation) for FLASH_WaitForLastOperation
    stm32f0xx_hal_flash_ex.o(i.FLASH_OB_EnableWRP) refers to stm32f0xx_hal_flash_ex.o(i.HAL_FLASHEx_OBErase) for HAL_FLASHEx_OBErase
    stm32f0xx_hal_flash_ex.o(i.FLASH_OB_EnableWRP) refers to stm32f0xx_hal_flash.o(.bss) for pFlash
    stm32f0xx_hal_flash_ex.o(i.FLASH_OB_RDP_LevelConfig) refers to stm32f0xx_hal_flash.o(i.FLASH_WaitForLastOperation) for FLASH_WaitForLastOperation
    stm32f0xx_hal_flash_ex.o(i.FLASH_OB_RDP_LevelConfig) refers to stm32f0xx_hal_flash.o(.bss) for pFlash
    stm32f0xx_hal_flash_ex.o(i.FLASH_PageErase) refers to stm32f0xx_hal_flash.o(.bss) for pFlash
    stm32f0xx_hal_flash_ex.o(i.HAL_FLASHEx_Erase) refers to stm32f0xx_hal_flash.o(i.FLASH_WaitForLastOperation) for FLASH_WaitForLastOperation
    stm32f0xx_hal_flash_ex.o(i.HAL_FLASHEx_Erase) refers to stm32f0xx_hal_flash_ex.o(i.FLASH_MassErase) for FLASH_MassErase
    stm32f0xx_hal_flash_ex.o(i.HAL_FLASHEx_Erase) refers to stm32f0xx_hal_flash_ex.o(i.FLASH_PageErase) for FLASH_PageErase
    stm32f0xx_hal_flash_ex.o(i.HAL_FLASHEx_Erase) refers to stm32f0xx_hal_flash.o(.bss) for pFlash
    stm32f0xx_hal_flash_ex.o(i.HAL_FLASHEx_Erase_IT) refers to stm32f0xx_hal_flash_ex.o(i.FLASH_PageErase) for FLASH_PageErase
    stm32f0xx_hal_flash_ex.o(i.HAL_FLASHEx_Erase_IT) refers to stm32f0xx_hal_flash_ex.o(i.FLASH_MassErase) for FLASH_MassErase
    stm32f0xx_hal_flash_ex.o(i.HAL_FLASHEx_Erase_IT) refers to stm32f0xx_hal_flash.o(.bss) for pFlash
    stm32f0xx_hal_flash_ex.o(i.HAL_FLASHEx_OBErase) refers to stm32f0xx_hal_flash_ex.o(i.FLASH_OB_GetRDP) for FLASH_OB_GetRDP
    stm32f0xx_hal_flash_ex.o(i.HAL_FLASHEx_OBErase) refers to stm32f0xx_hal_flash.o(i.FLASH_WaitForLastOperation) for FLASH_WaitForLastOperation
    stm32f0xx_hal_flash_ex.o(i.HAL_FLASHEx_OBErase) refers to stm32f0xx_hal_flash_ex.o(i.FLASH_OB_RDP_LevelConfig) for FLASH_OB_RDP_LevelConfig
    stm32f0xx_hal_flash_ex.o(i.HAL_FLASHEx_OBErase) refers to stm32f0xx_hal_flash.o(.bss) for pFlash
    stm32f0xx_hal_flash_ex.o(i.HAL_FLASHEx_OBGetConfig) refers to stm32f0xx_hal_flash_ex.o(i.FLASH_OB_GetRDP) for FLASH_OB_GetRDP
    stm32f0xx_hal_flash_ex.o(i.HAL_FLASHEx_OBProgram) refers to stm32f0xx_hal_flash_ex.o(i.FLASH_OB_DisableWRP) for FLASH_OB_DisableWRP
    stm32f0xx_hal_flash_ex.o(i.HAL_FLASHEx_OBProgram) refers to stm32f0xx_hal_flash_ex.o(i.FLASH_OB_EnableWRP) for FLASH_OB_EnableWRP
    stm32f0xx_hal_flash_ex.o(i.HAL_FLASHEx_OBProgram) refers to stm32f0xx_hal_flash_ex.o(i.FLASH_OB_RDP_LevelConfig) for FLASH_OB_RDP_LevelConfig
    stm32f0xx_hal_flash_ex.o(i.HAL_FLASHEx_OBProgram) refers to stm32f0xx_hal_flash.o(i.FLASH_WaitForLastOperation) for FLASH_WaitForLastOperation
    stm32f0xx_hal_flash_ex.o(i.HAL_FLASHEx_OBProgram) refers to stm32f0xx_hal_flash.o(.bss) for pFlash
    stm32f0xx_hal_tim.o(i.HAL_TIM_Base_DeInit) refers to stm32f0xx_hal_msp.o(i.HAL_TIM_Base_MspDeInit) for HAL_TIM_Base_MspDeInit
    stm32f0xx_hal_tim.o(i.HAL_TIM_Base_Init) refers to stm32f0xx_hal_msp.o(i.HAL_TIM_Base_MspInit) for HAL_TIM_Base_MspInit
[...]
    ../clib/microlib/init/entry.s            0x00000000   Number         0  entry11b.o ABSOLUTE
    ../clib/microlib/init/entry.s            0x00000000   Number         0  entry10b.o ABSOLUTE
    ../clib/microlib/init/entry.s            0x00000000   Number         0  entry.o ABSOLUTE
    ../clib/microlib/init/entry.s            0x00000000   Number         0  entry5.o ABSOLUTE
    ../clib/microlib/init/entry.s            0x00000000   Number         0  entry2.o ABSOLUTE
    ../clib/microlib/init/entry.s            0x00000000   Number         0  entry7a.o ABSOLUTE
    ../clib/microlib/longlong.c              0x00000000   Number         0  llushr.o ABSOLUTE
    ../clib/microlib/longlong.c              0x00000000   Number         0  llsshr.o ABSOLUTE
    ../clib/microlib/longlong.c              0x00000000   Number         0  llshl.o ABSOLUTE
    ../clib/microlib/malloc/calloc.c         0x00000000   Number         0  calloc.o ABSOLUTE
    ../clib/microlib/malloc/malloc.c         0x00000000   Number         0  malloc.o ABSOLUTE
    ../clib/microlib/malloc/malloc.c         0x00000000   Number         0  mallocr.o ABSOLUTE
    ../clib/microlib/malloc/malloc.c         0x00000000   Number         0  mallocra.o ABSOLUTE
    ../clib/microlib/malloc/malloc.c         0x00000000   Number         0  malloca.o ABSOLUTE
    ../clib/microlib/malloc/mvars.c          0x00000000   Number         0  mvars.o ABSOLUTE
    ../clib/microlib/printf/printf.c         0x00000000   Number         0  printf0.o ABSOLUTE
    ../clib/microlib/printf/printf.c         0x00000000   Number         0  printf1.o ABSOLUTE
    ../clib/microlib/printf/printf.c         0x00000000   Number         0  printf4.o ABSOLUTE
    ../clib/microlib/printf/printf.c         0x00000000   Number         0  printf2.o ABSOLUTE
    ../clib/microlib/printf/printf.c         0x00000000   Number         0  printfa.o ABSOLUTE
    ../clib/microlib/printf/printf.c         0x00000000   Number         0  printf8.o ABSOLUTE
    ../clib/microlib/printf/printf.c         0x00000000   Number         0  printf5.o ABSOLUTE
    ../clib/microlib/printf/printf.c         0x00000000   Number         0  printf6.o ABSOLUTE
    ../clib/microlib/printf/printf.c         0x00000000   Number         0  printf7.o ABSOLUTE
    ../clib/microlib/printf/printf.c         0x00000000   Number         0  printf3.o ABSOLUTE
    ../clib/microlib/printf/printf.c         0x00000000   Number         0  printfb.o ABSOLUTE
    ../clib/microlib/printf/stubs.s          0x00000000   Number         0  stubs.o ABSOLUTE
    ../clib/microlib/stdio/fputc.c           0x00000000   Number         0  fputc.o ABSOLUTE
    ../clib/microlib/stdio/semi.s            0x00000000   Number         0  semi.o ABSOLUTE
    ../clib/microlib/stdio/streams.c         0x00000000   Number         0  stdout.o ABSOLUTE
    ../clib/microlib/string/memcpy.c         0x00000000   Number         0  memcpyb.o ABSOLUTE
    ../clib/microlib/string/memcpy.c         0x00000000   Number         0  memcpya.o ABSOLUTE
    ../clib/microlib/string/memset.c         0x00000000   Number         0  memseta.o ABSOLUTE
    ../clib/microlib/string/strlen.c         0x00000000   Number         0  strlen.o ABSOLUTE
    ../clib/microlib/stubs.s                 0x00000000   Number         0  iusefp.o ABSOLUTE
    ../clib/microlib/stubs.s                 0x00000000   Number         0  iusesemip.o ABSOLUTE
    ../fplib/microlib/fpadd.c                0x00000000   Number         0  dadd.o ABSOLUTE
    ../fplib/microlib/fpdiv.c                0x00000000   Number         0  ddiv.o ABSOLUTE
    ../fplib/microlib/fpepilogue.c           0x00000000   Number         0  depilogue.o ABSOLUTE
    ../fplib/microlib/fpfix.c                0x00000000   Number         0  dfixul.o ABSOLUTE
    ../fplib/microlib/fpfix.c                0x00000000   Number         0  dfixui.o ABSOLUTE
    ../fplib/microlib/fpflt.c                0x00000000   Number         0  dfltui.o ABSOLUTE
    ../fplib/microlib/fpmul.c                0x00000000   Number         0  dmul.o ABSOLUTE
    ..\..\..\Drivers\STM32F0xx_HAL_Driver\Src\stm32f0xx_hal.c 0x00000000   Number         0  stm32f0xx_hal.o ABSOLUTE
    ..\..\..\Drivers\STM32F0xx_HAL_Driver\Src\stm32f0xx_hal_cortex.c 0x00000000   Number         0  stm32f0xx_hal_cortex.o ABSOLUTE
    ..\..\..\Drivers\STM32F0xx_HAL_Driver\Src\stm32f0xx_hal_dma.c 0x00000000   Number         0  stm32f0xx_hal_dma.o ABSOLUTE
    ..\..\..\Drivers\STM32F0xx_HAL_Driver\Src\stm32f0xx_hal_flash.c 0x00000000   Number         0  stm32f0xx_hal_flash.o ABSOLUTE
    ..\..\..\Drivers\STM32F0xx_HAL_Driver\Src\stm32f0xx_hal_flash_ex.c 0x00000000   Number         0  stm32f0xx_hal_flash_ex.o ABSOLUTE
    ..\..\..\Drivers\STM32F0xx_HAL_Driver\Src\stm32f0xx_hal_gpio.c 0x00000000   Number         0  stm32f0xx_hal_gpio.o ABSOLUTE
    ..\..\..\Drivers\STM32F0xx_HAL_Driver\Src\stm32f0xx_hal_i2c.c 0x00000000   Number         0  stm32f0xx_hal_i2c.o ABSOLUTE
    ..\..\..\Drivers\STM32F0xx_HAL_Driver\Src\stm32f0xx_hal_i2c_ex.c 0x00000000   Number         0  stm32f0xx_hal_i2c_ex.o ABSOLUTE
    ..\..\..\Drivers\STM32F0xx_HAL_Driver\Src\stm32f0xx_hal_pwr.c 0x00000000   Number         0  stm32f0xx_hal_pwr.o ABSOLUTE
    ..\..\..\Drivers\STM32F0xx_HAL_Driver\Src\stm32f0xx_hal_pwr_ex.c 0x00000000   Number         0  stm32f0xx_hal_pwr_ex.o ABSOLUTE
    ..\..\..\Drivers\STM32F0xx_HAL_Driver\Src\stm32f0xx_hal_rcc.c 0x00000000   Number         0  stm32f0xx_hal_rcc.o ABSOLUTE
    ..\..\..\Drivers\STM32F0xx_HAL_Driver\Src\stm32f0xx_hal_rcc_ex.c 0x00000000   Number         0  stm32f0xx_hal_rcc_ex.o ABSOLUTE
    ..\..\..\Drivers\STM32F0xx_HAL_Driver\Src\stm32f0xx_hal_tim.c 0x00000000   Number         0  stm32f0xx_hal_tim.o ABSOLUTE
    ..\..\..\Drivers\STM32F0xx_HAL_Driver\Src\stm32f0xx_hal_tim_ex.c 0x00000000   Number         0  stm32f0xx_hal_tim_ex.o ABSOLUTE
    ..\..\..\Drivers\STM32F0xx_HAL_Driver\Src\stm32f0xx_hal_uart.c 0x00000000   Number         0  stm32f0xx_hal_uart.o ABSOLUTE
    ..\..\..\Drivers\STM32F0xx_HAL_Driver\Src\stm32f0xx_hal_uart_ex.c 0x00000000   Number         0  stm32f0xx_hal_uart_ex.o ABSOLUTE
    ..\..\..\Middlewares\Third_Party\FreeRTOS\Source\CMSIS_RTOS\cmsis_os.c 0x00000000   Number         0  cmsis_os.o ABSOLUTE
    ..\..\..\Middlewares\Third_Party\FreeRTOS\Source\portable\RVDS\ARM_CM0\port.c 0x00000000   Number         0  port.o ABSOLUTE
    ..\..\..\Src\main.c                      0x00000000   Number         0  main.o ABSOLUTE
    ..\..\..\Src\robot_map.c                 0x00000000   Number         0  robot_map.o ABSOLUTE
    ..\..\..\Src\stm32f0xx_hal_msp.c         0x00000000   Number         0  stm32f0xx_hal_msp.o ABSOLUTE
    ..\..\..\Src\stm32f0xx_hal_timebase_TIM.c 0x00000000   Number         0  stm32f0xx_hal_timebase_tim.o ABSOLUTE
    ..\..\..\Src\stm32f0xx_it.c              0x00000000   Number         0  stm32f0xx_it.o ABSOLUTE
    ..\..\..\\Src\system_stm32f0xx.c         0x00000000   Number         0  system_stm32f0xx.o ABSOLUTE
    cdrcmple.s                               0x00000000   Number         0  cdrcmple.o ABSOLUTE
    dc.s                                     0x00000000   Number         0  dc.o ABSOLUTE
    handlers.s                               0x00000000   Number         0  handlers.o ABSOLUTE
    init.s                                   0x00000000   Number         0  init.o ABSOLUTE
    startup_stm32f072xb.s                    0x00000000   Number         0  startup_stm32f072xb.o ABSOLUTE
    RESET                                    0x08000000   Section      192  startup_stm32f072xb.o(RESET)
    .ARM.Collect$$$$00000000                 0x080000c0   Section        0  entry.o(.ARM.Collect$$$$00000000)
    .ARM.Collect$$$$00000001                 0x080000c0   Section        4  entry2.o(.ARM.Collect$$$$00000001)
    .ARM.Collect$$$$00000004                 0x080000c4   Section        4  entry5.o(.ARM.Collect$$$$00000004)
    .ARM.Collect$$$$00000008                 0x080000c8   Section        0  entry7b.o(.ARM.Collect$$$$00000008)
    .ARM.Collect$$$$0000000A                 0x080000c8   Section        0  entry8b.o(.ARM.Collect$$$$0000000A)
    .ARM.Collect$$$$0000000B                 0x080000c8   Section        8  entry9a.o(.ARM.Collect$$$$0000000B)
    .ARM.Collect$$$$0000000D                 0x080000d0   Section        0  entry10a.o(.ARM.Collect$$$$0000000D)
    .ARM.Collect$$$$0000000F                 0x080000d0   Section        0  entry11a.o(.ARM.Collect$$$$0000000F)
    .ARM.Collect$$$$00002712                 0x080000d0   Section        4  entry2.o(.ARM.Collect$$$$00002712)
    __lit__00000000                          0x080000d0   Data           4  entry2.o(.ARM.Collect$$$$00002712)
    .emb_text                                0x080000d4   Section      120  port.o(.emb_text)
    .text                                    0x0800014c   Section       28  startup_stm32f072xb.o(.text)
    .text                                    0x08000168   Section        0  uidiv.o(.text)
    .text                                    0x08000194   Section        0  llushr.o(.text)
    .text                                    0x080001b6   Section        0  memcpya.o(.text)
    .text                                    0x080001da   Section        0  strlen.o(.text)
    .text                                    0x080001e8   Section        0  calloc.o(.text)
    .text                                    0x08000204   Section        0  dmul.o(.text)
    .text                                    0x080002d4   Section        0  ddiv.o(.text)
    .text                                    0x080003c4   Section        0  dfltui.o(.text)
    .text                                    0x080003e0   Section        0  dfixui.o(.text)
    .text                                    0x0800041c   Section        0  depilogue.o(.text)
    .text                                    0x0800041c   Section        0  iusefp.o(.text)
    .text                                    0x080004dc   Section       36  init.o(.text)
    .text                                    0x08000500   Section        0  llshl.o(.text)
    i.EXTI2_3_IRQHandler                     0x08000520   Section        0  stm32f0xx_it.o(i.EXTI2_3_IRQHandler)
    i.EXTI4_15_IRQHandler                    0x0800052a   Section        0  stm32f0xx_it.o(i.EXTI4_15_IRQHandler)
    i.HAL_DMA_Abort_IT                       0x08000544   Section        0  stm32f0xx_hal_dma.o(i.HAL_DMA_Abort_IT)
    i.HAL_GPIO_EXTI_Callback                 0x0800058c   Section        0  main.o(i.HAL_GPIO_EXTI_Callback)
    i.HAL_GPIO_EXTI_IRQHandler               0x08000660   Section        0  stm32f0xx_hal_gpio.o(i.HAL_GPIO_EXTI_IRQHandler)
    i.HAL_GPIO_Init                          0x08000678   Section        0  stm32f0xx_hal_gpio.o(i.HAL_GPIO_Init)
    i.HAL_GPIO_ReadPin                       0x080007d0   Section        0  stm32f0xx_hal_gpio.o(i.HAL_GPIO_ReadPin)
    i.HAL_GPIO_WritePin                      0x080007da   Section        0  stm32f0xx_hal_gpio.o(i.HAL_GPIO_WritePin)
    i.HAL_GetTick                            0x080007e8   Section        0  stm32f0xx_hal.o(i.HAL_GetTick)
    i.HAL_IncTick                            0x080007f4   Section        0  stm32f0xx_hal.o(i.HAL_IncTick)
    i.HAL_Init                               0x08000804   Section        0  stm32f0xx_hal.o(i.HAL_Init)
    i.HAL_InitTick                           0x08000824   Section        0  stm32f0xx_hal_timebase_tim.o(i.HAL_InitTick)
    i.HAL_MspInit                            0x0800089c   Section        0  stm32f0xx_hal_msp.o(i.HAL_MspInit)
    i.HAL_NVIC_EnableIRQ                     0x080008d4   Section        0  stm32f0xx_hal_cortex.o(i.HAL_NVIC_EnableIRQ)
    i.HAL_NVIC_SetPriority                   0x080008e8   Section        0  stm32f0xx_hal_cortex.o(i.HAL_NVIC_SetPriority)
    i.HAL_RCCEx_PeriphCLKConfig              0x080008f0   Section        0  stm32f0xx_hal_rcc_ex.o(i.HAL_RCCEx_PeriphCLKConfig)
    i.HAL_RCC_ClockConfig                    0x08000a10   Section        0  stm32f0xx_hal_rcc.o(i.HAL_RCC_ClockConfig)
    i.HAL_RCC_GetClockConfig                 0x08000b64   Section        0  stm32f0xx_hal_rcc.o(i.HAL_RCC_GetClockConfig)
    i.HAL_RCC_GetHCLKFreq                    0x08000b9c   Section        0  stm32f0xx_hal_rcc.o(i.HAL_RCC_GetHCLKFreq)
    i.HAL_RCC_GetPCLK1Freq                   0x08000ba8   Section        0  stm32f0xx_hal_rcc.o(i.HAL_RCC_GetPCLK1Freq)
    i.HAL_RCC_GetSysClockFreq                0x08000bc8   Section        0  stm32f0xx_hal_rcc.o(i.HAL_RCC_GetSysClockFreq)
    i.HAL_RCC_OscConfig                      0x08000c50   Section        0  stm32f0xx_hal_rcc.o(i.HAL_RCC_OscConfig)
    i.HAL_SYSTICK_CLKSourceConfig            0x08001028   Section        0  stm32f0xx_hal_cortex.o(i.HAL_SYSTICK_CLKSourceConfig)
    i.HAL_SYSTICK_Config                     0x08001040   Section        0  stm32f0xx_hal_cortex.o(i.HAL_SYSTICK_Config)
    i.HAL_TIMEx_BreakCallback                0x08001070   Section        0  stm32f0xx_hal_tim_ex.o(i.HAL_TIMEx_BreakCallback)
    i.HAL_TIMEx_CommutationCallback          0x08001072   Section        0  stm32f0xx_hal_tim_ex.o(i.HAL_TIMEx_CommutationCallback)
    i.HAL_TIMEx_MasterConfigSynchronization  0x08001074   Section        0  stm32f0xx_hal_tim_ex.o(i.HAL_TIMEx_MasterConfigSynchronization)
    i.HAL_TIM_Base_Init                      0x080010bc   Section        0  stm32f0xx_hal_tim.o(i.HAL_TIM_Base_Init)
    i.HAL_TIM_Base_MspInit                   0x080010f0   Section        0  stm32f0xx_hal_msp.o(i.HAL_TIM_Base_MspInit)
    i.HAL_TIM_Base_Start_IT                  0x08001124   Section        0  stm32f0xx_hal_tim.o(i.HAL_TIM_Base_Start_IT)
    i.HAL_TIM_ConfigClockSource              0x0800113a   Section        0  stm32f0xx_hal_tim.o(i.HAL_TIM_ConfigClockSource)
    i.HAL_TIM_IC_CaptureCallback             0x08001228   Section        0  stm32f0xx_hal_tim.o(i.HAL_TIM_IC_CaptureCallback)
    i.HAL_TIM_IRQHandler                     0x0800122a   Section        0  stm32f0xx_hal_tim.o(i.HAL_TIM_IRQHandler)
    i.HAL_TIM_OC_ConfigChannel               0x0800138c   Section        0  stm32f0xx_hal_tim.o(i.HAL_TIM_OC_ConfigChannel)
    i.HAL_TIM_OC_DelayElapsedCallback        0x080013dc   Section        0  main.o(i.HAL_TIM_OC_DelayElapsedCallback)
    i.HAL_TIM_OC_Init                        0x0800141c   Section        0  stm32f0xx_hal_tim.o(i.HAL_TIM_OC_Init)
    i.HAL_TIM_OC_MspInit                     0x08001450   Section        0  stm32f0xx_hal_tim.o(i.HAL_TIM_OC_MspInit)
    i.HAL_TIM_OC_Start_IT                    0x08001454   Section        0  stm32f0xx_hal_tim.o(i.HAL_TIM_OC_Start_IT)
    i.HAL_TIM_PWM_PulseFinishedCallback      0x080014d0   Section        0  stm32f0xx_hal_tim.o(i.HAL_TIM_PWM_PulseFinishedCallback)
    i.HAL_TIM_PeriodElapsedCallback          0x080014d4   Section        0  main.o(i.HAL_TIM_PeriodElapsedCallback)
    i.HAL_TIM_TriggerCallback                0x080014e8   Section        0  stm32f0xx_hal_tim.o(i.HAL_TIM_TriggerCallback)
    i.HAL_UARTEx_WakeupCallback              0x080014ea   Section        0  stm32f0xx_hal_uart_ex.o(i.HAL_UARTEx_WakeupCallback)
    i.HAL_UART_ErrorCallback                 0x080014ec   Section        0  stm32f0xx_hal_uart.o(i.HAL_UART_ErrorCallback)
    i.HAL_UART_IRQHandler                    0x080014f0   Section        0  stm32f0xx_hal_uart.o(i.HAL_UART_IRQHandler)
    i.HAL_UART_Init                          0x08001624   Section        0  stm32f0xx_hal_uart.o(i.HAL_UART_Init)
    i.HAL_UART_MspInit                       0x08001690   Section        0  stm32f0xx_hal_msp.o(i.HAL_UART_MspInit)
    i.HAL_UART_Receive_IT                    0x080016e8   Section        0  stm32f0xx_hal_uart.o(i.HAL_UART_Receive_IT)
    i.HAL_UART_RxCpltCallback                0x08001788   Section        0  stm32f0xx_hal_uart.o(i.HAL_UART_RxCpltCallback)
    i.HAL_UART_Transmit_IT                   0x0800178a   Section        0  stm32f0xx_hal_uart.o(i.HAL_UART_Transmit_IT)
    i.HAL_UART_TxCpltCallback                0x080017e2   Section        0  stm32f0xx_hal_uart.o(i.HAL_UART_TxCpltCallback)
    i.MX_GPIO_Init                           0x080017e4   Section        0  main.o(i.MX_GPIO_Init)
    MX_GPIO_Init                             0x080017e5   Thumb Code   218  main.o(i.MX_GPIO_Init)
    i.MX_TIM2_Init                           0x080018dc   Section        0  main.o(i.MX_TIM2_Init)
    MX_TIM2_Init                             0x080018dd   Thumb Code   118  main.o(i.MX_TIM2_Init)
    i.MX_USART2_UART_Init                    0x08001958   Section        0  main.o(i.MX_USART2_UART_Init)
    MX_USART2_UART_Init                      0x08001959   Thumb Code    46  main.o(i.MX_USART2_UART_Init)
    i.NVIC_SetPriority                       0x08001990   Section        0  stm32f0xx_hal_cortex.o(i.NVIC_SetPriority)
    NVIC_SetPriority                         0x08001991   Thumb Code    60  stm32f0xx_hal_cortex.o(i.NVIC_SetPriority)
    i.SVC_Handler                            0x080019d4   Section        0  port.o(i.SVC_Handler)
    i.StartDefaultTask                       0x080019d6   Section        0  main.o(i.StartDefaultTask)
    i.StartTaskHCSR04                        0x080019e0   Section        0  main.o(i.StartTaskHCSR04)
    i.Start_motor_control                    0x08001a80   Section        0  main.o(i.Start_motor_control)
    i.SysTick_Handler                        0x08001b04   Section        0  stm32f0xx_it.o(i.SysTick_Handler)
    i.SystemClock_Config                     0x08001b0c   Section        0  main.o(i.SystemClock_Config)
    i.SystemInit                             0x08001b84   Section        0  system_stm32f0xx.o(i.SystemInit)
    i.TIM1_BRK_UP_TRG_COM_IRQHandler         0x08001be0   Section        0  stm32f0xx_it.o(i.TIM1_BRK_UP_TRG_COM_IRQHandler)
    i.TIM2_IRQHandler                        0x08001bf0   Section        0  stm32f0xx_it.o(i.TIM2_IRQHandler)
    i.TIM_Base_SetConfig                     0x08001c00   Section        0  stm32f0xx_hal_tim.o(i.TIM_Base_SetConfig)
    i.TIM_CCxChannelCmd                      0x08001c94   Section        0  stm32f0xx_hal_tim.o(i.TIM_CCxChannelCmd)
    i.TIM_ETR_SetConfig                      0x08001caa   Section        0  stm32f0xx_hal_tim.o(i.TIM_ETR_SetConfig)
    i.TIM_ITRx_SetConfig                     0x08001cc0   Section        0  stm32f0xx_hal_tim.o(i.TIM_ITRx_SetConfig)
    TIM_ITRx_SetConfig                       0x08001cc1   Thumb Code    16  stm32f0xx_hal_tim.o(i.TIM_ITRx_SetConfig)
    i.TIM_OC1_SetConfig                      0x08001cd0   Section        0  stm32f0xx_hal_tim.o(i.TIM_OC1_SetConfig)
    TIM_OC1_SetConfig                        0x08001cd1   Thumb Code   120  stm32f0xx_hal_tim.o(i.TIM_OC1_SetConfig)
    i.TIM_OC2_SetConfig                      0x08001d58   Section        0  stm32f0xx_hal_tim.o(i.TIM_OC2_SetConfig)
    i.TIM_OC3_SetConfig                      0x08001dd8   Section        0  stm32f0xx_hal_tim.o(i.TIM_OC3_SetConfig)
    TIM_OC3_SetConfig                        0x08001dd9   Thumb Code   114  stm32f0xx_hal_tim.o(i.TIM_OC3_SetConfig)
    i.TIM_OC4_SetConfig                      0x08001e5c   Section        0  stm32f0xx_hal_tim.o(i.TIM_OC4_SetConfig)
    TIM_OC4_SetConfig                        0x08001e5d   Thumb Code    90  stm32f0xx_hal_tim.o(i.TIM_OC4_SetConfig)
    i.TIM_TI1_ConfigInputStage               0x08001ec8   Section        0  stm32f0xx_hal_tim.o(i.TIM_TI1_ConfigInputStage)
    TIM_TI1_ConfigInputStage                 0x08001ec9   Thumb Code    34  stm32f0xx_hal_tim.o(i.TIM_TI1_ConfigInputStage)
    i.TIM_TI2_ConfigInputStage               0x08001eea   Section        0  stm32f0xx_hal_tim.o(i.TIM_TI2_ConfigInputStage)
    TIM_TI2_ConfigInputStage                 0x08001eeb   Thumb Code    38  stm32f0xx_hal_tim.o(i.TIM_TI2_ConfigInputStage)
    i.UART_AdvFeatureConfig                  0x08001f10   Section        0  stm32f0xx_hal_uart.o(i.UART_AdvFeatureConfig)
    i.UART_CheckIdleState                    0x08001fdc   Section        0  stm32f0xx_hal_uart.o(i.UART_CheckIdleState)
    i.UART_DMAAbortOnError                   0x08002050   Section        0  stm32f0xx_hal_uart.o(i.UART_DMAAbortOnError)
    UART_DMAAbortOnError                     0x08002051   Thumb Code    20  stm32f0xx_hal_uart.o(i.UART_DMAAbortOnError)
    i.UART_EndRxTransfer                     0x08002064   Section        0  stm32f0xx_hal_uart.o(i.UART_EndRxTransfer)
    UART_EndRxTransfer                       0x08002065   Thumb Code    30  stm32f0xx_hal_uart.o(i.UART_EndRxTransfer)
    i.UART_EndTransmit_IT                    0x08002082   Section        0  stm32f0xx_hal_uart.o(i.UART_EndTransmit_IT)
    i.UART_Receive_IT                        0x0800209c   Section        0  stm32f0xx_hal_uart.o(i.UART_Receive_IT)
    i.UART_SetConfig                         0x08002118   Section        0  stm32f0xx_hal_uart.o(i.UART_SetConfig)
    i.UART_Transmit_IT                       0x08002274   Section        0  stm32f0xx_hal_uart.o(i.UART_Transmit_IT)
    i.UART_WaitOnFlagUntilTimeout            0x080022da   Section        0  stm32f0xx_hal_uart.o(i.UART_WaitOnFlagUntilTimeout)
    i.USART2_IRQHandler                      0x0800233c   Section        0  stm32f0xx_it.o(i.USART2_IRQHandler)
    i.__0sprintf$1                           0x08002358   Section        0  printf1.o(i.__0sprintf$1)
    i.__ARM_clz                              0x08002380   Section        0  depilogue.o(i.__ARM_clz)
    i.__ARM_common_switch8                   0x080023ae   Section        0  stm32f0xx_hal_tim.o(i.__ARM_common_switch8)
    i.__scatterload_copy                     0x080023c8   Section       14  handlers.o(i.__scatterload_copy)
    i.__scatterload_null                     0x080023d6   Section        2  handlers.o(i.__scatterload_null)
    i.__scatterload_zeroinit                 0x080023d8   Section       14  handlers.o(i.__scatterload_zeroinit)
    i._printf_core                           0x080023e8   Section        0  printf1.o(i._printf_core)
    _printf_core                             0x080023e9   Thumb Code   332  printf1.o(i._printf_core)
    i._sputc                                 0x08002538   Section        0  printf1.o(i._sputc)
    _sputc                                   0x08002539   Thumb Code    10  printf1.o(i._sputc)
    i.allocateMap                            0x08002542   Section        0  robot_map.o(i.allocateMap)
    i.calcAdjustedSize                       0x08002560   Section        0  robot_map.o(i.calcAdjustedSize)
    i.go_Forward                             0x08002574   Section        0  main.o(i.go_Forward)
    i.go_TurnLeft                            0x080025dc   Section        0  main.o(i.go_TurnLeft)
    i.go_TurnRight                           0x08002644   Section        0  main.o(i.go_TurnRight)
    i.main                                   0x080026ac   Section        0  main.o(i.main)
    i.makeFreeRtosPriority                   0x08002754   Section        0  cmsis_os.o(i.makeFreeRtosPriority)
    makeFreeRtosPriority                     0x08002755   Thumb Code    12  cmsis_os.o(i.makeFreeRtosPriority)
    i.malloc                                 0x08002760   Section        0  malloc.o(i.malloc)
    i.osDelay                                0x080027cc   Section        0  cmsis_os.o(i.osDelay)
    i.osKernelStart                          0x080027dc   Section        0  cmsis_os.o(i.osKernelStart)
    i.osMutexCreate                          0x080027e6   Section        0  cmsis_os.o(i.osMutexCreate)
    i.osSystickHandler                       0x080027f0   Section        0  cmsis_os.o(i.osSystickHandler)
    i.osThreadCreate                         0x08002800   Section        0  cmsis_os.o(i.osThreadCreate)
    i.placeRoverInMiddle                     0x08002830   Section        0  robot_map.o(i.placeRoverInMiddle)
    i.prvAddCurrentTaskToDelayedList         0x08002854   Section        0  tasks.o(i.prvAddCurrentTaskToDelayedList)
    prvAddCurrentTaskToDelayedList           0x08002855   Thumb Code    78  tasks.o(i.prvAddCurrentTaskToDelayedList)
    i.prvAddNewTaskToReadyList               0x080028ac   Section        0  tasks.o(i.prvAddNewTaskToReadyList)
    prvAddNewTaskToReadyList                 0x080028ad   Thumb Code   176  tasks.o(i.prvAddNewTaskToReadyList)
    i.prvCheckTasksWaitingTermination        0x08002964   Section        0  tasks.o(i.prvCheckTasksWaitingTermination)
    prvCheckTasksWaitingTermination          0x08002965   Thumb Code    72  tasks.o(i.prvCheckTasksWaitingTermination)
    i.prvCopyDataFromQueue                   0x080029b4   Section        0  queue.o(i.prvCopyDataFromQueue)
    prvCopyDataFromQueue                     0x080029b5   Thumb Code    38  queue.o(i.prvCopyDataFromQueue)
    i.prvCopyDataToQueue                     0x080029da   Section        0  queue.o(i.prvCopyDataToQueue)
    prvCopyDataToQueue                       0x080029db   Thumb Code   112  queue.o(i.prvCopyDataToQueue)
    i.prvDeleteTCB                           0x08002a4a   Section        0  tasks.o(i.prvDeleteTCB)
    prvDeleteTCB                             0x08002a4b   Thumb Code    18  tasks.o(i.prvDeleteTCB)
    i.prvHeapInit                            0x08002a5c   Section        0  heap_4.o(i.prvHeapInit)
    prvHeapInit                              0x08002a5d   Thumb Code    60  heap_4.o(i.prvHeapInit)
    i.prvIdleTask                            0x08002aa0   Section        0  tasks.o(i.prvIdleTask)
    prvIdleTask                              0x08002aa1   Thumb Code    18  tasks.o(i.prvIdleTask)
    i.prvInitialiseNewTask                   0x08002ab8   Section        0  tasks.o(i.prvInitialiseNewTask)
    prvInitialiseNewTask                     0x08002ab9   Thumb Code   124  tasks.o(i.prvInitialiseNewTask)
    i.prvInsertBlockIntoFreeList             0x08002b34   Section        0  heap_4.o(i.prvInsertBlockIntoFreeList)
    prvInsertBlockIntoFreeList               0x08002b35   Thumb Code    72  heap_4.o(i.prvInsertBlockIntoFreeList)
    i.prvIsQueueEmpty                        0x08002b80   Section        0  queue.o(i.prvIsQueueEmpty)
    prvIsQueueEmpty                          0x08002b81   Thumb Code    28  queue.o(i.prvIsQueueEmpty)
    i.prvResetNextTaskUnblockTime            0x08002b9c   Section        0  tasks.o(i.prvResetNextTaskUnblockTime)
    prvResetNextTaskUnblockTime              0x08002b9d   Thumb Code    28  tasks.o(i.prvResetNextTaskUnblockTime)
    i.prvTaskExitError                       0x08002bbc   Section        0  port.o(i.prvTaskExitError)
    prvTaskExitError                         0x08002bbd   Thumb Code    14  port.o(i.prvTaskExitError)
    i.prvUnlockQueue                         0x08002bd0   Section        0  queue.o(i.prvUnlockQueue)
    prvUnlockQueue                           0x08002bd1   Thumb Code   112  queue.o(i.prvUnlockQueue)
    i.pvPortMalloc                           0x08002c40   Section        0  heap_4.o(i.pvPortMalloc)
    i.pvTaskIncrementMutexHeldCount          0x08002cf0   Section        0  tasks.o(i.pvTaskIncrementMutexHeldCount)
    i.pxPortInitialiseStack                  0x08002d08   Section        0  port.o(i.pxPortInitialiseStack)
    i.setCell                                0x08002d28   Section        0  robot_map.o(i.setCell)
    i.uxListRemove                           0x08002d64   Section        0  list.o(i.uxListRemove)
    i.vListInitialise                        0x08002d88   Section        0  list.o(i.vListInitialise)
    i.vListInitialiseItem                    0x08002d9e   Section        0  list.o(i.vListInitialiseItem)
    i.vListInsert                            0x08002da4   Section        0  list.o(i.vListInsert)
    i.vListInsertEnd                         0x08002dd4   Section        0  list.o(i.vListInsertEnd)
    i.vPortEnterCritical                     0x08002dec   Section        0  port.o(i.vPortEnterCritical)
    i.vPortExitCritical                      0x08002e04   Section        0  port.o(i.vPortExitCritical)
    i.vPortFree                              0x08002e20   Section        0  heap_4.o(i.vPortFree)
    i.vPortSetupTimerInterrupt               0x08002e64   Section        0  port.o(i.vPortSetupTimerInterrupt)
    i.vPortYield                             0x08002e88   Section        0  port.o(i.vPortYield)
    i.vTaskDelay                             0x08002ea0   Section        0  tasks.o(i.vTaskDelay)
    i.vTaskMissedYield                       0x08002ed0   Section        0  tasks.o(i.vTaskMissedYield)
    i.vTaskPlaceOnEventList                  0x08002edc   Section        0  tasks.o(i.vTaskPlaceOnEventList)
    i.vTaskPriorityInherit                   0x08002f00   Section        0  tasks.o(i.vTaskPriorityInherit)
    i.vTaskSetTimeOutState                   0x08002f64   Section        0  tasks.o(i.vTaskSetTimeOutState)
    i.vTaskStartScheduler                    0x08002f7c   Section        0  tasks.o(i.vTaskStartScheduler)
    i.vTaskSuspendAll                        0x08002fc8   Section        0  tasks.o(i.vTaskSuspendAll)
    i.vTaskSwitchContext                     0x08002fd8   Section        0  tasks.o(i.vTaskSwitchContext)
    i.xPortStartScheduler                    0x08003030   Section        0  port.o(i.xPortStartScheduler)
    i.xPortSysTickHandler                    0x08003060   Section        0  port.o(i.xPortSysTickHandler)
    i.xQueueCreateMutex                      0x08003084   Section        0  queue.o(i.xQueueCreateMutex)
    i.xQueueGenericCreate                    0x080030a8   Section        0  queue.o(i.xQueueGenericCreate)
    i.xQueueGenericReceive                   0x080030e6   Section        0  queue.o(i.xQueueGenericReceive)
    i.xQueueGenericReset                     0x0800321e   Section        0  queue.o(i.xQueueGenericReset)
    i.xQueueGenericSend                      0x0800328a   Section        0  queue.o(i.xQueueGenericSend)
    i.xTaskCheckForTimeOut                   0x080033a4   Section        0  tasks.o(i.xTaskCheckForTimeOut)
    i.xTaskCreate                            0x080033f8   Section        0  tasks.o(i.xTaskCreate)
    i.xTaskGenericNotifyFromISR              0x08003448   Section        0  tasks.o(i.xTaskGenericNotifyFromISR)
    i.xTaskGetSchedulerState                 0x0800350c   Section        0  tasks.o(i.xTaskGetSchedulerState)
    i.xTaskIncrementTick                     0x0800352c   Section        0  tasks.o(i.xTaskIncrementTick)
    i.xTaskNotifyWait                        0x080035e8   Section        0  tasks.o(i.xTaskNotifyWait)
    i.xTaskPriorityDisinherit                0x08003664   Section        0  tasks.o(i.xTaskPriorityDisinherit)
    i.xTaskRemoveFromEventList               0x080036cc   Section        0  tasks.o(i.xTaskRemoveFromEventList)
    i.xTaskResumeAll                         0x08003730   Section        0  tasks.o(i.xTaskResumeAll)
    .constdata                               0x080037dc   Section       16  system_stm32f0xx.o(.constdata)
    .constdata                               0x080037ec   Section        8  system_stm32f0xx.o(.constdata)
    .constdata                               0x080037f4   Section       60  main.o(.constdata)
    .conststring                             0x08003830   Section       34  main.o(.conststring)
    .data                                    0x20000000   Section        4  stm32f0xx_hal.o(.data)
    .data                                    0x20000004   Section       60  tasks.o(.data)
    uxDeletedTasksWaitingCleanUp             0x20000008   Data           4  tasks.o(.data)
    uxCurrentNumberOfTasks                   0x2000000c   Data           4  tasks.o(.data)
    xTickCount                               0x20000010   Data           4  tasks.o(.data)
    uxTopReadyPriority                       0x20000014   Data           4  tasks.o(.data)
    xSchedulerRunning                        0x20000018   Data           4  tasks.o(.data)
    uxPendedTicks                            0x2000001c   Data           4  tasks.o(.data)
    xYieldPending                            0x20000020   Data           4  tasks.o(.data)
    xNumOfOverflows                          0x20000024   Data           4  tasks.o(.data)
    uxTaskNumber                             0x20000028   Data           4  tasks.o(.data)
    xNextTaskUnblockTime                     0x2000002c   Data           4  tasks.o(.data)
    xIdleTaskHandle                          0x20000030   Data           4  tasks.o(.data)
    uxSchedulerSuspended                     0x20000034   Data           4  tasks.o(.data)
    pxDelayedTaskList                        0x20000038   Data           4  tasks.o(.data)
    pxOverflowDelayedTaskList                0x2000003c   Data           4  tasks.o(.data)
    .data                                    0x20000040   Section       24  heap_4.o(.data)
    pxEnd                                    0x20000040   Data           4  heap_4.o(.data)
    xFreeBytesRemaining                      0x20000044   Data           4  heap_4.o(.data)
    xMinimumEverFreeBytesRemaining           0x20000048   Data           4  heap_4.o(.data)
    xBlockAllocatedBit                       0x2000004c   Data           4  heap_4.o(.data)
    xStart                                   0x20000050   Data           8  heap_4.o(.data)
    .data                                    0x20000058   Section        4  port.o(.data)
    uxCriticalNesting                        0x20000058   Data           4  port.o(.data)
    .data                                    0x2000005c   Section        4  system_stm32f0xx.o(.data)
    .data                                    0x20000060   Section       64  main.o(.data)
    .data                                    0x200000a0   Section       16  robot_map.o(.data)
    .data                                    0x200000b0   Section        4  mvars.o(.data)
    .data                                    0x200000b4   Section        4  mvars.o(.data)
    .bss                                     0x200000b8   Section      240  tasks.o(.bss)
    pxReadyTasksLists                        0x200000b8   Data         140  tasks.o(.bss)
    xDelayedTaskList1                        0x20000144   Data          20  tasks.o(.bss)
    xDelayedTaskList2                        0x20000158   Data          20  tasks.o(.bss)
    xPendingReadyList                        0x2000016c   Data          20  tasks.o(.bss)
    xTasksWaitingTermination                 0x20000180   Data          20  tasks.o(.bss)
    xSuspendedTaskList                       0x20000194   Data          20  tasks.o(.bss)
    .bss                                     0x200001a8   Section     3072  heap_4.o(.bss)
    ucHeap                                   0x200001a8   Data        3072  heap_4.o(.bss)
    .bss                                     0x20000da8   Section       64  stm32f0xx_hal_timebase_tim.o(.bss)
    .bss                                     0x20000de8   Section      208  main.o(.bss)
    HEAP                                     0x20000eb8   Section      512  startup_stm32f072xb.o(HEAP)
    STACK                                    0x200010b8   Section     1024  startup_stm32f072xb.o(STACK)

    Global Symbols

    Symbol Name                              Value     Ov Type        Size  Object(Section)

    BuildAttributes$$THM_ISAv3M$S$PE$A:L22$X:L11$S22$IEEE1$IW$USESV6$~STKCKD$USESV7$~SHL$OSPACE$ROPI$EBA8$MICROLIB$REQ8$PRES8$EABIv2 0x00000000   Number         0  anon$$obj.o ABSOLUTE
    __ARM_use_no_argv                        0x00000000   Number         0  main.o ABSOLUTE
    _printf_a                                0x00000000   Number         0  stubs.o ABSOLUTE
    _printf_c                                0x00000000   Number         0  stubs.o ABSOLUTE
    _printf_charcount                        0x00000000   Number         0  stubs.o ABSOLUTE
    _printf_d                                0x00000000   Number         0  stubs.o ABSOLUTE
    _printf_e                                0x00000000   Number         0  stubs.o ABSOLUTE
    _printf_f                                0x00000000   Number         0  stubs.o ABSOLUTE
    _printf_flags                            0x00000000   Number         0  stubs.o ABSOLUTE
    _printf_fp_dec                           0x00000000   Number         0  stubs.o ABSOLUTE
    _printf_fp_hex                           0x00000000   Number         0  stubs.o ABSOLUTE
    _printf_g                                0x00000000   Number         0  stubs.o ABSOLUTE
    _printf_i                                0x00000000   Number         0  stubs.o ABSOLUTE
    _printf_int_dec                          0x00000000   Number         0  stubs.o ABSOLUTE
    _printf_l                                0x00000000   Number         0  stubs.o ABSOLUTE
    _printf_lc                               0x00000000   Number         0  stubs.o ABSOLUTE
    _printf_ll                               0x00000000   Number         0  stubs.o ABSOLUTE
    _printf_lld                              0x00000000   Number         0  stubs.o ABSOLUTE
    _printf_lli                              0x00000000   Number         0  stubs.o ABSOLUTE
    _printf_llo                              0x00000000   Number         0  stubs.o ABSOLUTE
    _printf_llu                              0x00000000   Number         0  stubs.o ABSOLUTE
    _printf_llx                              0x00000000   Number         0  stubs.o ABSOLUTE
    _printf_longlong_dec                     0x00000000   Number         0  stubs.o ABSOLUTE
    _printf_longlong_hex                     0x00000000   Number         0  stubs.o ABSOLUTE
    _printf_longlong_oct                     0x00000000   Number         0  stubs.o ABSOLUTE
    _printf_ls                               0x00000000   Number         0  stubs.o ABSOLUTE
    _printf_mbtowc                           0x00000000   Number         0  stubs.o ABSOLUTE
    _printf_n                                0x00000000   Number         0  stubs.o ABSOLUTE
    _printf_o                                0x00000000   Number         0  stubs.o ABSOLUTE
    _printf_p                                0x00000000   Number         0  stubs.o ABSOLUTE
    _printf_percent                          0x00000000   Number         0  stubs.o ABSOLUTE
    _printf_pre_padding                      0x00000000   Number         0  stubs.o ABSOLUTE
    _printf_return_value                     0x00000000   Number         0  stubs.o ABSOLUTE
    _printf_s                                0x00000000   Number         0  stubs.o ABSOLUTE
    _printf_sizespec                         0x00000000   Number         0  stubs.o ABSOLUTE
    _printf_str                              0x00000000   Number         0  stubs.o ABSOLUTE
    _printf_truncate_signed                  0x00000000   Number         0  stubs.o ABSOLUTE
    _printf_truncate_unsigned                0x00000000   Number         0  stubs.o ABSOLUTE
    _printf_u                                0x00000000   Number         0  stubs.o ABSOLUTE
    _printf_wc                               0x00000000   Number         0  stubs.o ABSOLUTE
    _printf_wctomb                           0x00000000   Number         0  stubs.o ABSOLUTE
    _printf_widthprec                        0x00000000   Number         0  stubs.o ABSOLUTE
    _printf_x                                0x00000000   Number         0  stubs.o ABSOLUTE
    __cpp_initialize__aeabi_                  - Undefined Weak Reference
    __cxa_finalize                            - Undefined Weak Reference
    __decompress                              - Undefined Weak Reference
    _clock_init                               - Undefined Weak Reference
    _microlib_exit                            - Undefined Weak Reference
    __Vectors_Size                           0x000000c0   Number         0  startup_stm32f072xb.o ABSOLUTE
    __Vectors                                0x08000000   Data           4  startup_stm32f072xb.o(RESET)
    __Vectors_End                            0x080000c0   Data           0  startup_stm32f072xb.o(RESET)
    __main                                   0x080000c1   Thumb Code     0  entry.o(.ARM.Collect$$$$00000000)
    _main_stk                                0x080000c1   Thumb Code     0  entry2.o(.ARM.Collect$$$$00000001)
    _main_scatterload                        0x080000c5   Thumb Code     0  entry5.o(.ARM.Collect$$$$00000004)
    __main_after_scatterload                 0x080000c9   Thumb Code     0  entry5.o(.ARM.Collect$$$$00000004)
    _main_clock                              0x080000c9   Thumb Code     0  entry7b.o(.ARM.Collect$$$$00000008)
    _main_cpp_init                           0x080000c9   Thumb Code     0  entry8b.o(.ARM.Collect$$$$0000000A)
    _main_init                               0x080000c9   Thumb Code     0  entry9a.o(.ARM.Collect$$$$0000000B)
    __rt_final_cpp                           0x080000d1   Thumb Code     0  entry10a.o(.ARM.Collect$$$$0000000D)
    __rt_final_exit                          0x080000d1   Thumb Code     0  entry11a.o(.ARM.Collect$$$$0000000F)
    __asm___6_port_c_39a90d8d__prvPortStartFirstTask 0x080000d5   Thumb Code    36  port.o(.emb_text)
    ulSetInterruptMaskFromISR                0x080000fd   Thumb Code     8  port.o(.emb_text)
    vClearInterruptMaskFromISR               0x08000105   Thumb Code     6  port.o(.emb_text)
    PendSV_Handler                           0x0800010b   Thumb Code    62  port.o(.emb_text)
    Reset_Handler                            0x0800014d   Thumb Code     8  startup_stm32f072xb.o(.text)
    NMI_Handler                              0x08000155   Thumb Code     2  startup_stm32f072xb.o(.text)
    HardFault_Handler                        0x08000157   Thumb Code     2  startup_stm32f072xb.o(.text)
    ADC1_COMP_IRQHandler                     0x0800015f   Thumb Code     0  startup_stm32f072xb.o(.text)
    CEC_CAN_IRQHandler                       0x0800015f   Thumb Code     0  startup_stm32f072xb.o(.text)
    DMA1_Channel1_IRQHandler                 0x0800015f   Thumb Code     0  startup_stm32f072xb.o(.text)
    DMA1_Channel2_3_IRQHandler               0x0800015f   Thumb Code     0  startup_stm32f072xb.o(.text)
    DMA1_Channel4_5_6_7_IRQHandler           0x0800015f   Thumb Code     0  startup_stm32f072xb.o(.text)
    EXTI0_1_IRQHandler                       0x0800015f   Thumb Code     0  startup_stm32f072xb.o(.text)
    FLASH_IRQHandler                         0x0800015f   Thumb Code     0  startup_stm32f072xb.o(.text)
    I2C1_IRQHandler                          0x0800015f   Thumb Code     0  startup_stm32f072xb.o(.text)
    I2C2_IRQHandler                          0x0800015f   Thumb Code     0  startup_stm32f072xb.o(.text)
    PVD_VDDIO2_IRQHandler                    0x0800015f   Thumb Code     0  startup_stm32f072xb.o(.text)
    RCC_CRS_IRQHandler                       0x0800015f   Thumb Code     0  startup_stm32f072xb.o(.text)
    RTC_IRQHandler                           0x0800015f   Thumb Code     0  startup_stm32f072xb.o(.text)
    SPI1_IRQHandler                          0x0800015f   Thumb Code     0  startup_stm32f072xb.o(.text)
    SPI2_IRQHandler                          0x0800015f   Thumb Code     0  startup_stm32f072xb.o(.text)
    TIM14_IRQHandler                         0x0800015f   Thumb Code     0  startup_stm32f072xb.o(.text)
    TIM15_IRQHandler                         0x0800015f   Thumb Code     0  startup_stm32f072xb.o(.text)
    TIM16_IRQHandler                         0x0800015f   Thumb Code     0  startup_stm32f072xb.o(.text)
    TIM17_IRQHandler                         0x0800015f   Thumb Code     0  startup_stm32f072xb.o(.text)
    TIM1_CC_IRQHandler                       0x0800015f   Thumb Code     0  startup_stm32f072xb.o(.text)
    TIM3_IRQHandler                          0x0800015f   Thumb Code     0  startup_stm32f072xb.o(.text)
    TIM6_DAC_IRQHandler                      0x0800015f   Thumb Code     0  startup_stm32f072xb.o(.text)
    TIM7_IRQHandler                          0x0800015f   Thumb Code     0  startup_stm32f072xb.o(.text)
    TSC_IRQHandler                           0x0800015f   Thumb Code     0  startup_stm32f072xb.o(.text)
    USART1_IRQHandler                        0x0800015f   Thumb Code     0  startup_stm32f072xb.o(.text)
    USART3_4_IRQHandler                      0x0800015f   Thumb Code     0  startup_stm32f072xb.o(.text)
    USB_IRQHandler                           0x0800015f   Thumb Code     0  startup_stm32f072xb.o(.text)
    WWDG_IRQHandler                          0x0800015f   Thumb Code     0  startup_stm32f072xb.o(.text)
    __aeabi_uidiv                            0x08000169   Thumb Code     0  uidiv.o(.text)
    __aeabi_uidivmod                         0x08000169   Thumb Code    44  uidiv.o(.text)
    __aeabi_llsr                             0x08000195   Thumb Code    34  llushr.o(.text)
    _ll_ushift_r                             0x08000195   Thumb Code     0  llushr.o(.text)
    __aeabi_memcpy                           0x080001b7   Thumb Code    36  memcpya.o(.text)
    __aeabi_memcpy4                          0x080001b7   Thumb Code     0  memcpya.o(.text)
    __aeabi_memcpy8                          0x080001b7   Thumb Code     0  memcpya.o(.text)
    strlen                                   0x080001db   Thumb Code    14  strlen.o(.text)
    calloc                                   0x080001e9   Thumb Code    28  calloc.o(.text)
    __aeabi_dmul                             0x08000205   Thumb Code   202  dmul.o(.text)
    __aeabi_ddiv                             0x080002d5   Thumb Code   234  ddiv.o(.text)
    __aeabi_ui2d                             0x080003c5   Thumb Code    24  dfltui.o(.text)
    __aeabi_d2uiz                            0x080003e1   Thumb Code    50  dfixui.o(.text)
    __I$use$fp                               0x0800041d   Thumb Code     0  iusefp.o(.text)
    _double_round                            0x0800041d   Thumb Code    26  depilogue.o(.text)
    _double_epilogue                         0x08000437   Thumb Code   164  depilogue.o(.text)
    __scatterload                            0x080004dd   Thumb Code    28  init.o(.text)
    __scatterload_rt2                        0x080004dd   Thumb Code     0  init.o(.text)
    __aeabi_llsl                             0x08000501   Thumb Code    32  llshl.o(.text)
    _ll_shift_l                              0x08000501   Thumb Code     0  llshl.o(.text)
    EXTI2_3_IRQHandler                       0x08000521   Thumb Code    10  stm32f0xx_it.o(i.EXTI2_3_IRQHandler)
    EXTI4_15_IRQHandler                      0x0800052b   Thumb Code    26  stm32f0xx_it.o(i.EXTI4_15_IRQHandler)
    HAL_DMA_Abort_IT                         0x08000545   Thumb Code    72  stm32f0xx_hal_dma.o(i.HAL_DMA_Abort_IT)
    HAL_GPIO_EXTI_Callback                   0x0800058d   Thumb Code   196  main.o(i.HAL_GPIO_EXTI_Callback)
    HAL_GPIO_EXTI_IRQHandler                 0x08000661   Thumb Code    18  stm32f0xx_hal_gpio.o(i.HAL_GPIO_EXTI_IRQHandler)
    HAL_GPIO_Init                            0x08000679   Thumb Code   314  stm32f0xx_hal_gpio.o(i.HAL_GPIO_Init)
    HAL_GPIO_ReadPin                         0x080007d1   Thumb Code    10  stm32f0xx_hal_gpio.o(i.HAL_GPIO_ReadPin)
    HAL_GPIO_WritePin                        0x080007db   Thumb Code    12  stm32f0xx_hal_gpio.o(i.HAL_GPIO_WritePin)
    HAL_GetTick                              0x080007e9   Thumb Code     6  stm32f0xx_hal.o(i.HAL_GetTick)
    HAL_IncTick                              0x080007f5   Thumb Code    10  stm32f0xx_hal.o(i.HAL_IncTick)
    HAL_Init                                 0x08000805   Thumb Code    26  stm32f0xx_hal.o(i.HAL_Init)
    HAL_InitTick                             0x08000825   Thumb Code    98  stm32f0xx_hal_timebase_tim.o(i.HAL_InitTick)
    HAL_MspInit                              0x0800089d   Thumb Code    50  stm32f0xx_hal_msp.o(i.HAL_MspInit)
    HAL_NVIC_EnableIRQ                       0x080008d5   Thumb Code    14  stm32f0xx_hal_cortex.o(i.HAL_NVIC_EnableIRQ)
    HAL_NVIC_SetPriority                     0x080008e9   Thumb Code     8  stm32f0xx_hal_cortex.o(i.HAL_NVIC_SetPriority)
    HAL_RCCEx_PeriphCLKConfig                0x080008f1   Thumb Code   274  stm32f0xx_hal_rcc_ex.o(i.HAL_RCCEx_PeriphCLKConfig)
    HAL_RCC_ClockConfig                      0x08000a11   Thumb Code   320  stm32f0xx_hal_rcc.o(i.HAL_RCC_ClockConfig)
    HAL_RCC_GetClockConfig                   0x08000b65   Thumb Code    46  stm32f0xx_hal_rcc.o(i.HAL_RCC_GetClockConfig)
    HAL_RCC_GetHCLKFreq                      0x08000b9d   Thumb Code     6  stm32f0xx_hal_rcc.o(i.HAL_RCC_GetHCLKFreq)
    HAL_RCC_GetPCLK1Freq                     0x08000ba9   Thumb Code    20  stm32f0xx_hal_rcc.o(i.HAL_RCC_GetPCLK1Freq)
    HAL_RCC_GetSysClockFreq                  0x08000bc9   Thumb Code    90  stm32f0xx_hal_rcc.o(i.HAL_RCC_GetSysClockFreq)
    HAL_RCC_OscConfig                        0x08000c51   Thumb Code   966  stm32f0xx_hal_rcc.o(i.HAL_RCC_OscConfig)
    HAL_SYSTICK_CLKSourceConfig              0x08001029   Thumb Code    20  stm32f0xx_hal_cortex.o(i.HAL_SYSTICK_CLKSourceConfig)
    HAL_SYSTICK_Config                       0x08001041   Thumb Code    38  stm32f0xx_hal_cortex.o(i.HAL_SYSTICK_Config)
    HAL_TIMEx_BreakCallback                  0x08001071   Thumb Code     2  stm32f0xx_hal_tim_ex.o(i.HAL_TIMEx_BreakCallback)
    HAL_TIMEx_CommutationCallback            0x08001073   Thumb Code     2  stm32f0xx_hal_tim_ex.o(i.HAL_TIMEx_CommutationCallback)
    HAL_TIMEx_MasterConfigSynchronization    0x08001075   Thumb Code    72  stm32f0xx_hal_tim_ex.o(i.HAL_TIMEx_MasterConfigSynchronization)
    HAL_TIM_Base_Init                        0x080010bd   Thumb Code    52  stm32f0xx_hal_tim.o(i.HAL_TIM_Base_Init)
    HAL_TIM_Base_MspInit                     0x080010f1   Thumb Code    46  stm32f0xx_hal_msp.o(i.HAL_TIM_Base_MspInit)
    HAL_TIM_Base_Start_IT                    0x08001125   Thumb Code    22  stm32f0xx_hal_tim.o(i.HAL_TIM_Base_Start_IT)
    HAL_TIM_ConfigClockSource                0x0800113b   Thumb Code   238  stm32f0xx_hal_tim.o(i.HAL_TIM_ConfigClockSource)
    HAL_TIM_IC_CaptureCallback               0x08001229   Thumb Code     2  stm32f0xx_hal_tim.o(i.HAL_TIM_IC_CaptureCallback)
    HAL_TIM_IRQHandler                       0x0800122b   Thumb Code   354  stm32f0xx_hal_tim.o(i.HAL_TIM_IRQHandler)
    HAL_TIM_OC_ConfigChannel                 0x0800138d   Thumb Code    80  stm32f0xx_hal_tim.o(i.HAL_TIM_OC_ConfigChannel)
    HAL_TIM_OC_DelayElapsedCallback          0x080013dd   Thumb Code    56  main.o(i.HAL_TIM_OC_DelayElapsedCallback)
    HAL_TIM_OC_Init                          0x0800141d   Thumb Code    52  stm32f0xx_hal_tim.o(i.HAL_TIM_OC_Init)
    HAL_TIM_OC_MspInit                       0x08001451   Thumb Code     2  stm32f0xx_hal_tim.o(i.HAL_TIM_OC_MspInit)
    HAL_TIM_OC_Start_IT                      0x08001455   Thumb Code   108  stm32f0xx_hal_tim.o(i.HAL_TIM_OC_Start_IT)
    HAL_TIM_PWM_PulseFinishedCallback        0x080014d1   Thumb Code     2  stm32f0xx_hal_tim.o(i.HAL_TIM_PWM_PulseFinishedCallback)
    HAL_TIM_PeriodElapsedCallback            0x080014d5   Thumb Code    16  main.o(i.HAL_TIM_PeriodElapsedCallback)
    HAL_TIM_TriggerCallback                  0x080014e9   Thumb Code     2  stm32f0xx_hal_tim.o(i.HAL_TIM_TriggerCallback)
    HAL_UARTEx_WakeupCallback                0x080014eb   Thumb Code     2  stm32f0xx_hal_uart_ex.o(i.HAL_UARTEx_WakeupCallback)
    HAL_UART_ErrorCallback                   0x080014ed   Thumb Code     2  stm32f0xx_hal_uart.o(i.HAL_UART_ErrorCallback)
    HAL_UART_IRQHandler                      0x080014f1   Thumb Code   304  stm32f0xx_hal_uart.o(i.HAL_UART_IRQHandler)
    HAL_UART_Init                            0x08001625   Thumb Code   108  stm32f0xx_hal_uart.o(i.HAL_UART_Init)
    HAL_UART_MspInit                         0x08001691   Thumb Code    78  stm32f0xx_hal_msp.o(i.HAL_UART_MspInit)
    HAL_UART_Receive_IT                      0x080016e9   Thumb Code   154  stm32f0xx_hal_uart.o(i.HAL_UART_Receive_IT)
    HAL_UART_RxCpltCallback                  0x08001789   Thumb Code     2  stm32f0xx_hal_uart.o(i.HAL_UART_RxCpltCallback)
    HAL_UART_Transmit_IT                     0x0800178b   Thumb Code    88  stm32f0xx_hal_uart.o(i.HAL_UART_Transmit_IT)
    HAL_UART_TxCpltCallback                  0x080017e3   Thumb Code     2  stm32f0xx_hal_uart.o(i.HAL_UART_TxCpltCallback)
    SVC_Handler                              0x080019d5   Thumb Code     2  port.o(i.SVC_Handler)
    StartDefaultTask                         0x080019d7   Thumb Code     8  main.o(i.StartDefaultTask)
    StartTaskHCSR04                          0x080019e1   Thumb Code   130  main.o(i.StartTaskHCSR04)
    Start_motor_control                      0x08001a81   Thumb Code   114  main.o(i.Start_motor_control)
    SysTick_Handler                          0x08001b05   Thumb Code     8  stm32f0xx_it.o(i.SysTick_Handler)
    SystemClock_Config                       0x08001b0d   Thumb Code   118  main.o(i.SystemClock_Config)
    SystemInit                               0x08001b85   Thumb Code    76  system_stm32f0xx.o(i.SystemInit)
    TIM1_BRK_UP_TRG_COM_IRQHandler           0x08001be1   Thumb Code    10  stm32f0xx_it.o(i.TIM1_BRK_UP_TRG_COM_IRQHandler)
    TIM2_IRQHandler                          0x08001bf1   Thumb Code    10  stm32f0xx_it.o(i.TIM2_IRQHandler)
    TIM_Base_SetConfig                       0x08001c01   Thumb Code   124  stm32f0xx_hal_tim.o(i.TIM_Base_SetConfig)
    TIM_CCxChannelCmd                        0x08001c95   Thumb Code    22  stm32f0xx_hal_tim.o(i.TIM_CCxChannelCmd)
    TIM_ETR_SetConfig                        0x08001cab   Thumb Code    22  stm32f0xx_hal_tim.o(i.TIM_ETR_SetConfig)
    TIM_OC2_SetConfig                        0x08001d59   Thumb Code   110  stm32f0xx_hal_tim.o(i.TIM_OC2_SetConfig)
    UART_AdvFeatureConfig                    0x08001f11   Thumb Code   202  stm32f0xx_hal_uart.o(i.UART_AdvFeatureConfig)
    UART_CheckIdleState                      0x08001fdd   Thumb Code   102  stm32f0xx_hal_uart.o(i.UART_CheckIdleState)
    UART_EndTransmit_IT                      0x08002083   Thumb Code    26  stm32f0xx_hal_uart.o(i.UART_EndTransmit_IT)
    UART_Receive_IT                          0x0800209d   Thumb Code   122  stm32f0xx_hal_uart.o(i.UART_Receive_IT)
    UART_SetConfig                           0x08002119   Thumb Code   316  stm32f0xx_hal_uart.o(i.UART_SetConfig)
    UART_Transmit_IT                         0x08002275   Thumb Code   102  stm32f0xx_hal_uart.o(i.UART_Transmit_IT)
    UART_WaitOnFlagUntilTimeout              0x080022db   Thumb Code    98  stm32f0xx_hal_uart.o(i.UART_WaitOnFlagUntilTimeout)
    USART2_IRQHandler                        0x0800233d   Thumb Code    20  stm32f0xx_it.o(i.USART2_IRQHandler)
    __0sprintf$1                             0x08002359   Thumb Code    36  printf1.o(i.__0sprintf$1)
    __1sprintf$1                             0x08002359   Thumb Code     0  printf1.o(i.__0sprintf$1)
    __2sprintf                               0x08002359   Thumb Code     0  printf1.o(i.__0sprintf$1)
    __ARM_clz                                0x08002381   Thumb Code    46  depilogue.o(i.__ARM_clz)
    __ARM_common_switch8                     0x080023af   Thumb Code    26  stm32f0xx_hal_tim.o(i.__ARM_common_switch8)
    __scatterload_copy                       0x080023c9   Thumb Code    14  handlers.o(i.__scatterload_copy)
    __scatterload_null                       0x080023d7   Thumb Code     2  handlers.o(i.__scatterload_null)
    __scatterload_zeroinit                   0x080023d9   Thumb Code    14  handlers.o(i.__scatterload_zeroinit)
    allocateMap                              0x08002543   Thumb Code    30  robot_map.o(i.allocateMap)
    calcAdjustedSize                         0x08002561   Thumb Code    14  robot_map.o(i.calcAdjustedSize)
    go_Forward                               0x08002575   Thumb Code    92  main.o(i.go_Forward)
    go_TurnLeft                              0x080025dd   Thumb Code    90  main.o(i.go_TurnLeft)
    go_TurnRight                             0x08002645   Thumb Code    92  main.o(i.go_TurnRight)
    main                                     0x080026ad   Thumb Code   156  main.o(i.main)
    malloc                                   0x08002761   Thumb Code    92  malloc.o(i.malloc)
    osDelay                                  0x080027cd   Thumb Code    16  cmsis_os.o(i.osDelay)
    osKernelStart                            0x080027dd   Thumb Code    10  cmsis_os.o(i.osKernelStart)
    osMutexCreate                            0x080027e7   Thumb Code    10  cmsis_os.o(i.osMutexCreate)
    osSystickHandler                         0x080027f1   Thumb Code    16  cmsis_os.o(i.osSystickHandler)
    osThreadCreate                           0x08002801   Thumb Code    46  cmsis_os.o(i.osThreadCreate)
    placeRoverInMiddle                       0x08002831   Thumb Code    32  robot_map.o(i.placeRoverInMiddle)
    pvPortMalloc                             0x08002c41   Thumb Code   172  heap_4.o(i.pvPortMalloc)
    pvTaskIncrementMutexHeldCount            0x08002cf1   Thumb Code    20  tasks.o(i.pvTaskIncrementMutexHeldCount)
    pxPortInitialiseStack                    0x08002d09   Thumb Code    28  port.o(i.pxPortInitialiseStack)
    setCell                                  0x08002d29   Thumb Code    56  robot_map.o(i.setCell)
    uxListRemove                             0x08002d65   Thumb Code    36  list.o(i.uxListRemove)
    vListInitialise                          0x08002d89   Thumb Code    22  list.o(i.vListInitialise)
    vListInitialiseItem                      0x08002d9f   Thumb Code     6  list.o(i.vListInitialiseItem)
    vListInsert                              0x08002da5   Thumb Code    48  list.o(i.vListInsert)
    vListInsertEnd                           0x08002dd5   Thumb Code    24  list.o(i.vListInsertEnd)
    vPortEnterCritical                       0x08002ded   Thumb Code    20  port.o(i.vPortEnterCritical)
    vPortExitCritical                        0x08002e05   Thumb Code    22  port.o(i.vPortExitCritical)
    vPortFree                                0x08002e21   Thumb Code    62  heap_4.o(i.vPortFree)
    vPortSetupTimerInterrupt                 0x08002e65   Thumb Code    26  port.o(i.vPortSetupTimerInterrupt)
    vPortYield                               0x08002e89   Thumb Code    18  port.o(i.vPortYield)
    vTaskDelay                               0x08002ea1   Thumb Code    44  tasks.o(i.vTaskDelay)
    vTaskMissedYield                         0x08002ed1   Thumb Code     8  tasks.o(i.vTaskMissedYield)
    vTaskPlaceOnEventList                    0x08002edd   Thumb Code    32  tasks.o(i.vTaskPlaceOnEventList)
    vTaskPriorityInherit                     0x08002f01   Thumb Code    92  tasks.o(i.vTaskPriorityInherit)
    vTaskSetTimeOutState                     0x08002f65   Thumb Code    20  tasks.o(i.vTaskSetTimeOutState)
    vTaskStartScheduler                      0x08002f7d   Thumb Code    58  tasks.o(i.vTaskStartScheduler)
    vTaskSuspendAll                          0x08002fc9   Thumb Code    10  tasks.o(i.vTaskSuspendAll)
    vTaskSwitchContext                       0x08002fd9   Thumb Code    78  tasks.o(i.vTaskSwitchContext)
    xPortStartScheduler                      0x08003031   Thumb Code    40  port.o(i.xPortStartScheduler)
    xPortSysTickHandler                      0x08003061   Thumb Code    32  port.o(i.xPortSysTickHandler)
    xQueueCreateMutex                        0x08003085   Thumb Code    36  queue.o(i.xQueueCreateMutex)
    xQueueGenericCreate                      0x080030a9   Thumb Code    62  queue.o(i.xQueueGenericCreate)
    xQueueGenericReceive                     0x080030e7   Thumb Code   312  queue.o(i.xQueueGenericReceive)
    xQueueGenericReset                       0x0800321f   Thumb Code   108  queue.o(i.xQueueGenericReset)
    xQueueGenericSend                        0x0800328b   Thumb Code   280  queue.o(i.xQueueGenericSend)
    xTaskCheckForTimeOut                     0x080033a5   Thumb Code    80  tasks.o(i.xTaskCheckForTimeOut)
    xTaskCreate                              0x080033f9   Thumb Code    78  tasks.o(i.xTaskCreate)
    xTaskGenericNotifyFromISR                0x08003449   Thumb Code   186  tasks.o(i.xTaskGenericNotifyFromISR)
    xTaskGetSchedulerState                   0x0800350d   Thumb Code    26  tasks.o(i.xTaskGetSchedulerState)
    xTaskIncrementTick                       0x0800352d   Thumb Code   180  tasks.o(i.xTaskIncrementTick)
    xTaskNotifyWait                          0x080035e9   Thumb Code   118  tasks.o(i.xTaskNotifyWait)
    xTaskPriorityDisinherit                  0x08003665   Thumb Code    96  tasks.o(i.xTaskPriorityDisinherit)
    xTaskRemoveFromEventList                 0x080036cd   Thumb Code    90  tasks.o(i.xTaskRemoveFromEventList)
    xTaskResumeAll                           0x08003731   Thumb Code   164  tasks.o(i.xTaskResumeAll)
    AHBPrescTable                            0x080037dc   Data          16  system_stm32f0xx.o(.constdata)
    APBPrescTable                            0x080037ec   Data           8  system_stm32f0xx.o(.constdata)
    Region$$Table$$Base                      0x08003854   Number         0  anon$$obj.o(Region$$Table)
    Region$$Table$$Limit                     0x08003874   Number         0  anon$$obj.o(Region$$Table)
    uwTick                                   0x20000000   Data           4  stm32f0xx_hal.o(.data)
    pxCurrentTCB                             0x20000004   Data           4  tasks.o(.data)
    SystemCoreClock                          0x2000005c   Data           4  system_stm32f0xx.o(.data)
    enc_L_EN                                 0x20000060   Data           1  main.o(.data)
    enc_R_EN                                 0x20000061   Data           1  main.o(.data)
    enc_L_CNT                                0x20000062   Data           1  main.o(.data)
    enc_R_CNT                                0x20000063   Data           1  main.o(.data)
    ticks                                    0x20000064   Data           1  main.o(.data)
    hcsr04_generate_trig                     0x20000065   Data           1  main.o(.data)
    hcsr04_wait_for_rising_edge              0x20000066   Data           1  main.o(.data)
    hcsr04_wait_for_falling_edge             0x20000067   Data           1  main.o(.data)
    uart_in                                  0x20000068   Data           1  main.o(.data)
    distance                                 0x2000006a   Data           2  main.o(.data)
    distance_temp                            0x2000006c   Data           2  main.o(.data)
    i                                        0x20000070   Data           4  main.o(.data)
    map                                      0x20000074   Data           4  main.o(.data)
    rows                                     0x20000078   Data           4  main.o(.data)
    columns                                  0x2000007c   Data           4  main.o(.data)
    defaultTaskHandle                        0x20000080   Data           4  main.o(.data)
    motor_controlHandle                      0x20000084   Data           4  main.o(.data)
    HCSR04Handle                             0x20000088   Data           4  main.o(.data)
    UART_MutexHandle                         0x2000008c   Data           4  main.o(.data)
    distance_mutexHandle                     0x20000090   Data           4  main.o(.data)
    hcsr04_rising_edge                       0x20000094   Data           4  main.o(.data)
    hcsr04_falling_edge                      0x20000098   Data           4  main.o(.data)
    xHigherPriorityTaskWoken                 0x2000009c   Data           4  main.o(.data)
    states_bit                               0x200000a0   Data           4  robot_map.o(.data)
    rover_row                                0x200000a4   Data           4  robot_map.o(.data)
    rover_column                             0x200000a8   Data           4  robot_map.o(.data)
    orientation                              0x200000ac   Data           4  robot_map.o(.data)
    __microlib_freelist                      0x200000b0   Data           4  mvars.o(.data)
    __microlib_freelist_initialised          0x200000b4   Data           4  mvars.o(.data)
    htim1                                    0x20000da8   Data          64  stm32f0xx_hal_timebase_tim.o(.bss)
    htim2                                    0x20000de8   Data          64  main.o(.bss)
    huart2                                   0x20000e28   Data         112  main.o(.bss)
    transmitBuffer                           0x20000e98   Data          32  main.o(.bss)
    __heap_base                              0x20000eb8   Data           0  startup_stm32f072xb.o(HEAP)
    __heap_limit                             0x200010b8   Data           0  startup_stm32f072xb.o(HEAP)
    __initial_sp                             0x200014b8   Data           0  startup_stm32f072xb.o(STACK)



==============================================================================

Memory Map of the image

  Image Entry point : 0x080000c1

  Load Region LR_IROM1 (Base: 0x08000000, Size: 0x0000392c, Max: 0x00020000, ABSOLUTE)

    Execution Region ER_IROM1 (Exec base: 0x08000000, Load base: 0x08000000, Size: 0x00003874, Max: 0x00020000, ABSOLUTE)

    Exec Addr    Load Addr    Size         Type   Attr      Idx    E Section Name        Object

    0x08000000   0x08000000   0x000000c0   Data   RO            3    RESET               startup_stm32f072xb.o
    0x080000c0   0x080000c0   0x00000000   Code   RO         4245  * .ARM.Collect$$$$00000000  mc_p.l(entry.o)
    0x080000c0   0x080000c0   0x00000004   Code   RO         4531    .ARM.Collect$$$$00000001  mc_p.l(entry2.o)
    0x080000c4   0x080000c4   0x00000004   Code   RO         4534    .ARM.Collect$$$$00000004  mc_p.l(entry5.o)
    0x080000c8   0x080000c8   0x00000000   Code   RO         4536    .ARM.Collect$$$$00000008  mc_p.l(entry7b.o)
    0x080000c8   0x080000c8   0x00000000   Code   RO         4538    .ARM.Collect$$$$0000000A  mc_p.l(entry8b.o)
    0x080000c8   0x080000c8   0x00000008   Code   RO         4539    .ARM.Collect$$$$0000000B  mc_p.l(entry9a.o)
    0x080000d0   0x080000d0   0x00000000   Code   RO         4541    .ARM.Collect$$$$0000000D  mc_p.l(entry10a.o)
    0x080000d0   0x080000d0   0x00000000   Code   RO         4543    .ARM.Collect$$$$0000000F  mc_p.l(entry11a.o)
    0x080000d0   0x080000d0   0x00000004   Code   RO         4532    .ARM.Collect$$$$00002712  mc_p.l(entry2.o)
    0x080000d4   0x080000d4   0x00000078   Code   RO         3379    .emb_text           port.o
    0x0800014c   0x0800014c   0x0000001c   Code   RO            4    .text               startup_stm32f072xb.o
    0x08000168   0x08000168   0x0000002c   Code   RO         4248    .text               mc_p.l(uidiv.o)
    0x08000194   0x08000194   0x00000022   Code   RO         4250    .text               mc_p.l(llushr.o)
    0x080001b6   0x080001b6   0x00000024   Code   RO         4252    .text               mc_p.l(memcpya.o)
    0x080001da   0x080001da   0x0000000e   Code   RO         4256    .text               mc_p.l(strlen.o)
    0x080001e8   0x080001e8   0x0000001c   Code   RO         4521    .text               mc_p.l(calloc.o)
    0x08000204   0x08000204   0x000000d0   Code   RO         4523    .text               mf_p.l(dmul.o)
    0x080002d4   0x080002d4   0x000000f0   Code   RO         4525    .text               mf_p.l(ddiv.o)
    0x080003c4   0x080003c4   0x0000001c   Code   RO         4527    .text               mf_p.l(dfltui.o)
    0x080003e0   0x080003e0   0x0000003c   Code   RO         4529    .text               mf_p.l(dfixui.o)
    0x0800041c   0x0800041c   0x00000000   Code   RO         4578    .text               mc_p.l(iusefp.o)
    0x0800041c   0x0800041c   0x000000be   Code   RO         4579    .text               mf_p.l(depilogue.o)
    0x080004da   0x080004da   0x00000002   PAD
    0x080004dc   0x080004dc   0x00000024   Code   RO         4589    .text               mc_p.l(init.o)
    0x08000500   0x08000500   0x00000020   Code   RO         4592    .text               mc_p.l(llshl.o)
    0x08000520   0x08000520   0x0000000a   Code   RO         3902    i.EXTI2_3_IRQHandler  stm32f0xx_it.o
    0x0800052a   0x0800052a   0x0000001a   Code   RO         3903    i.EXTI4_15_IRQHandler  stm32f0xx_it.o
    0x08000544   0x08000544   0x00000048   Code   RO          830    i.HAL_DMA_Abort_IT  stm32f0xx_hal_dma.o
    0x0800058c   0x0800058c   0x000000d4   Code   RO         4018    i.HAL_GPIO_EXTI_Callback  main.o
    0x08000660   0x08000660   0x00000018   Code   RO         2079    i.HAL_GPIO_EXTI_IRQHandler  stm32f0xx_hal_gpio.o
    0x08000678   0x08000678   0x00000158   Code   RO         2080    i.HAL_GPIO_Init     stm32f0xx_hal_gpio.o
    0x080007d0   0x080007d0   0x0000000a   Code   RO         2082    i.HAL_GPIO_ReadPin  stm32f0xx_hal_gpio.o
    0x080007da   0x080007da   0x0000000c   Code   RO         2084    i.HAL_GPIO_WritePin  stm32f0xx_hal_gpio.o
    0x080007e6   0x080007e6   0x00000002   PAD
    0x080007e8   0x080007e8   0x0000000c   Code   RO         1949    i.HAL_GetTick       stm32f0xx_hal.o
    0x080007f4   0x080007f4   0x00000010   Code   RO         1953    i.HAL_IncTick       stm32f0xx_hal.o
    0x08000804   0x08000804   0x00000020   Code   RO         1954    i.HAL_Init          stm32f0xx_hal.o
    0x08000824   0x08000824   0x00000078   Code   RO         3866    i.HAL_InitTick      stm32f0xx_hal_timebase_tim.o
    0x0800089c   0x0800089c   0x00000038   Code   RO         3974    i.HAL_MspInit       stm32f0xx_hal_msp.o
    0x080008d4   0x080008d4   0x00000014   Code   RO         2670    i.HAL_NVIC_EnableIRQ  stm32f0xx_hal_cortex.o
    0x080008e8   0x080008e8   0x00000008   Code   RO         2674    i.HAL_NVIC_SetPriority  stm32f0xx_hal_cortex.o
    0x080008f0   0x080008f0   0x00000120   Code   RO         1797    i.HAL_RCCEx_PeriphCLKConfig  stm32f0xx_hal_rcc_ex.o
    0x08000a10   0x08000a10   0x00000154   Code   RO         2577    i.HAL_RCC_ClockConfig  stm32f0xx_hal_rcc.o
    0x08000b64   0x08000b64   0x00000038   Code   RO         2581    i.HAL_RCC_GetClockConfig  stm32f0xx_hal_rcc.o
    0x08000b9c   0x08000b9c   0x0000000c   Code   RO         2582    i.HAL_RCC_GetHCLKFreq  stm32f0xx_hal_rcc.o
    0x08000ba8   0x08000ba8   0x00000020   Code   RO         2584    i.HAL_RCC_GetPCLK1Freq  stm32f0xx_hal_rcc.o
    0x08000bc8   0x08000bc8   0x00000088   Code   RO         2585    i.HAL_RCC_GetSysClockFreq  stm32f0xx_hal_rcc.o
    0x08000c50   0x08000c50   0x000003d8   Code   RO         2588    i.HAL_RCC_OscConfig  stm32f0xx_hal_rcc.o
    0x08001028   0x08001028   0x00000018   Code   RO         2676    i.HAL_SYSTICK_CLKSourceConfig  stm32f0xx_hal_cortex.o
    0x08001040   0x08001040   0x00000030   Code   RO         2678    i.HAL_SYSTICK_Config  stm32f0xx_hal_cortex.o
    0x08001070   0x08001070   0x00000002   Code   RO          923    i.HAL_TIMEx_BreakCallback  stm32f0xx_hal_tim_ex.o
    0x08001072   0x08001072   0x00000002   Code   RO          924    i.HAL_TIMEx_CommutationCallback  stm32f0xx_hal_tim_ex.o
    0x08001074   0x08001074   0x00000048   Code   RO          940    i.HAL_TIMEx_MasterConfigSynchronization  stm32f0xx_hal_tim_ex.o
    0x080010bc   0x080010bc   0x00000034   Code   RO          188    i.HAL_TIM_Base_Init  stm32f0xx_hal_tim.o
    0x080010f0   0x080010f0   0x00000034   Code   RO         3976    i.HAL_TIM_Base_MspInit  stm32f0xx_hal_msp.o
    0x08001124   0x08001124   0x00000016   Code   RO          193    i.HAL_TIM_Base_Start_IT  stm32f0xx_hal_tim.o
    0x0800113a   0x0800113a   0x000000ee   Code   RO          197    i.HAL_TIM_ConfigClockSource  stm32f0xx_hal_tim.o
    0x08001228   0x08001228   0x00000002   Code   RO          219    i.HAL_TIM_IC_CaptureCallback  stm32f0xx_hal_tim.o
    0x0800122a   0x0800122a   0x00000162   Code   RO          232    i.HAL_TIM_IRQHandler  stm32f0xx_hal_tim.o
    0x0800138c   0x0800138c   0x00000050   Code   RO          233    i.HAL_TIM_OC_ConfigChannel  stm32f0xx_hal_tim.o
    0x080013dc   0x080013dc   0x00000040   Code   RO         4019    i.HAL_TIM_OC_DelayElapsedCallback  main.o
    0x0800141c   0x0800141c   0x00000034   Code   RO          237    i.HAL_TIM_OC_Init   stm32f0xx_hal_tim.o
    0x08001450   0x08001450   0x00000002   Code   RO          239    i.HAL_TIM_OC_MspInit  stm32f0xx_hal_tim.o
    0x08001452   0x08001452   0x00000002   PAD
    0x08001454   0x08001454   0x0000007c   Code   RO          242    i.HAL_TIM_OC_Start_IT  stm32f0xx_hal_tim.o
    0x080014d0   0x080014d0   0x00000002   Code   RO          262    i.HAL_TIM_PWM_PulseFinishedCallback  stm32f0xx_hal_tim.o
    0x080014d2   0x080014d2   0x00000002   PAD
    0x080014d4   0x080014d4   0x00000014   Code   RO         4020    i.HAL_TIM_PeriodElapsedCallback  main.o
    0x080014e8   0x080014e8   0x00000002   Code   RO          273    i.HAL_TIM_TriggerCallback  stm32f0xx_hal_tim.o
    0x080014ea   0x080014ea   0x00000002   Code   RO         1221    i.HAL_UARTEx_WakeupCallback  stm32f0xx_hal_uart_ex.o
    0x080014ec   0x080014ec   0x00000002   Code   RO         2258    i.HAL_UART_ErrorCallback  stm32f0xx_hal_uart.o
    0x080014ee   0x080014ee   0x00000002   PAD
    0x080014f0   0x080014f0   0x00000134   Code   RO         2261    i.HAL_UART_IRQHandler  stm32f0xx_hal_uart.o
    0x08001624   0x08001624   0x0000006c   Code   RO         2262    i.HAL_UART_Init     stm32f0xx_hal_uart.o
    0x08001690   0x08001690   0x00000058   Code   RO         3978    i.HAL_UART_MspInit  stm32f0xx_hal_msp.o
    0x080016e8   0x080016e8   0x000000a0   Code   RO         2267    i.HAL_UART_Receive_IT  stm32f0xx_hal_uart.o
    0x08001788   0x08001788   0x00000002   Code   RO         2268    i.HAL_UART_RxCpltCallback  stm32f0xx_hal_uart.o
    0x0800178a   0x0800178a   0x00000058   Code   RO         2272    i.HAL_UART_Transmit_IT  stm32f0xx_hal_uart.o
    0x080017e2   0x080017e2   0x00000002   Code   RO         2273    i.HAL_UART_TxCpltCallback  stm32f0xx_hal_uart.o
    0x080017e4   0x080017e4   0x000000f8   Code   RO         4021    i.MX_GPIO_Init      main.o
    0x080018dc   0x080018dc   0x0000007c   Code   RO         4022    i.MX_TIM2_Init      main.o
    0x08001958   0x08001958   0x00000038   Code   RO         4023    i.MX_USART2_UART_Init  main.o
    0x08001990   0x08001990   0x00000044   Code   RO         2680    i.NVIC_SetPriority  stm32f0xx_hal_cortex.o
    0x080019d4   0x080019d4   0x00000002   Code   RO         3380    i.SVC_Handler       port.o
    0x080019d6   0x080019d6   0x00000008   Code   RO         4024    i.StartDefaultTask  main.o
    0x080019de   0x080019de   0x00000002   PAD
    0x080019e0   0x080019e0   0x000000a0   Code   RO         4025    i.StartTaskHCSR04   main.o
    0x08001a80   0x08001a80   0x00000084   Code   RO         4026    i.Start_motor_control  main.o
    0x08001b04   0x08001b04   0x00000008   Code   RO         3904    i.SysTick_Handler   stm32f0xx_it.o
    0x08001b0c   0x08001b0c   0x00000076   Code   RO         4027    i.SystemClock_Config  main.o
    0x08001b82   0x08001b82   0x00000002   PAD
    0x08001b84   0x08001b84   0x0000005c   Code   RO         3833    i.SystemInit        system_stm32f0xx.o
    0x08001be0   0x08001be0   0x00000010   Code   RO         3905    i.TIM1_BRK_UP_TRG_COM_IRQHandler  stm32f0xx_it.o
    0x08001bf0   0x08001bf0   0x00000010   Code   RO         3906    i.TIM2_IRQHandler   stm32f0xx_it.o
    0x08001c00   0x08001c00   0x00000094   Code   RO          274    i.TIM_Base_SetConfig  stm32f0xx_hal_tim.o
    0x08001c94   0x08001c94   0x00000016   Code   RO          275    i.TIM_CCxChannelCmd  stm32f0xx_hal_tim.o
    0x08001caa   0x08001caa   0x00000016   Code   RO          281    i.TIM_ETR_SetConfig  stm32f0xx_hal_tim.o
    0x08001cc0   0x08001cc0   0x00000010   Code   RO          282    i.TIM_ITRx_SetConfig  stm32f0xx_hal_tim.o
    0x08001cd0   0x08001cd0   0x00000088   Code   RO          283    i.TIM_OC1_SetConfig  stm32f0xx_hal_tim.o
    0x08001d58   0x08001d58   0x00000080   Code   RO          284    i.TIM_OC2_SetConfig  stm32f0xx_hal_tim.o
    0x08001dd8   0x08001dd8   0x00000084   Code   RO          285    i.TIM_OC3_SetConfig  stm32f0xx_hal_tim.o
    0x08001e5c   0x08001e5c   0x0000006c   Code   RO          286    i.TIM_OC4_SetConfig  stm32f0xx_hal_tim.o
    0x08001ec8   0x08001ec8   0x00000022   Code   RO          288    i.TIM_TI1_ConfigInputStage  stm32f0xx_hal_tim.o
    0x08001eea   0x08001eea   0x00000026   Code   RO          290    i.TIM_TI2_ConfigInputStage  stm32f0xx_hal_tim.o
    0x08001f10   0x08001f10   0x000000ca   Code   RO         2275    i.UART_AdvFeatureConfig  stm32f0xx_hal_uart.o
    0x08001fda   0x08001fda   0x00000002   PAD
    0x08001fdc   0x08001fdc   0x00000074   Code   RO         2276    i.UART_CheckIdleState  stm32f0xx_hal_uart.o
    0x08002050   0x08002050   0x00000014   Code   RO         2277    i.UART_DMAAbortOnError  stm32f0xx_hal_uart.o
    0x08002064   0x08002064   0x0000001e   Code   RO         2287    i.UART_EndRxTransfer  stm32f0xx_hal_uart.o
    0x08002082   0x08002082   0x0000001a   Code   RO         2288    i.UART_EndTransmit_IT  stm32f0xx_hal_uart.o
    0x0800209c   0x0800209c   0x0000007a   Code   RO         2290    i.UART_Receive_IT   stm32f0xx_hal_uart.o
    0x08002116   0x08002116   0x00000002   PAD
    0x08002118   0x08002118   0x0000015c   Code   RO         2291    i.UART_SetConfig    stm32f0xx_hal_uart.o
    0x08002274   0x08002274   0x00000066   Code   RO         2292    i.UART_Transmit_IT  stm32f0xx_hal_uart.o
    0x080022da   0x080022da   0x00000062   Code   RO         2293    i.UART_WaitOnFlagUntilTimeout  stm32f0xx_hal_uart.o
    0x0800233c   0x0800233c   0x0000001c   Code   RO         3907    i.USART2_IRQHandler  stm32f0xx_it.o
    0x08002358   0x08002358   0x00000028   Code   RO         4307    i.__0sprintf$1      mc_p.l(printf1.o)
    0x08002380   0x08002380   0x0000002e   Code   RO         4581    i.__ARM_clz         mf_p.l(depilogue.o)
    0x080023ae   0x080023ae   0x0000001a   Code   RO          819    i.__ARM_common_switch8  stm32f0xx_hal_tim.o
    0x080023c8   0x080023c8   0x0000000e   Code   RO         4601    i.__scatterload_copy  mc_p.l(handlers.o)
    0x080023d6   0x080023d6   0x00000002   Code   RO         4602    i.__scatterload_null  mc_p.l(handlers.o)
    0x080023d8   0x080023d8   0x0000000e   Code   RO         4603    i.__scatterload_zeroinit  mc_p.l(handlers.o)
    0x080023e6   0x080023e6   0x00000002   PAD
    0x080023e8   0x080023e8   0x00000150   Code   RO         4312    i._printf_core      mc_p.l(printf1.o)
    0x08002538   0x08002538   0x0000000a   Code   RO         4314    i._sputc            mc_p.l(printf1.o)
    0x08002542   0x08002542   0x0000001e   Code   RO         4132    i.allocateMap       robot_map.o
    0x08002560   0x08002560   0x00000014   Code   RO         4133    i.calcAdjustedSize  robot_map.o
    0x08002574   0x08002574   0x00000068   Code   RO         4029    i.go_Forward        main.o
    0x080025dc   0x080025dc   0x00000068   Code   RO         4030    i.go_TurnLeft       main.o
    0x08002644   0x08002644   0x00000068   Code   RO         4031    i.go_TurnRight      main.o
    0x080026ac   0x080026ac   0x000000a8   Code   RO         4032    i.main              main.o
    0x08002754   0x08002754   0x0000000c   Code   RO         3469    i.makeFreeRtosPriority  cmsis_os.o
    0x08002760   0x08002760   0x0000006c   Code   RO         4551    i.malloc            mc_p.l(malloc.o)
    0x080027cc   0x080027cc   0x00000010   Code   RO         3471    i.osDelay           cmsis_os.o
    0x080027dc   0x080027dc   0x0000000a   Code   RO         3474    i.osKernelStart     cmsis_os.o
    0x080027e6   0x080027e6   0x0000000a   Code   RO         3489    i.osMutexCreate     cmsis_os.o
    0x080027f0   0x080027f0   0x00000010   Code   RO         3507    i.osSystickHandler  cmsis_os.o
    0x08002800   0x08002800   0x0000002e   Code   RO         3508    i.osThreadCreate    cmsis_os.o
    0x0800282e   0x0800282e   0x00000002   PAD
    0x08002830   0x08002830   0x00000024   Code   RO         4139    i.placeRoverInMiddle  robot_map.o
    0x08002854   0x08002854   0x00000058   Code   RO         2761    i.prvAddCurrentTaskToDelayedList  tasks.o
    0x080028ac   0x080028ac   0x000000b8   Code   RO         2762    i.prvAddNewTaskToReadyList  tasks.o
    0x08002964   0x08002964   0x00000050   Code   RO         2763    i.prvCheckTasksWaitingTermination  tasks.o
    0x080029b4   0x080029b4   0x00000026   Code   RO         3081    i.prvCopyDataFromQueue  queue.o
    0x080029da   0x080029da   0x00000070   Code   RO         3082    i.prvCopyDataToQueue  queue.o
    0x08002a4a   0x08002a4a   0x00000012   Code   RO         2764    i.prvDeleteTCB      tasks.o
    0x08002a5c   0x08002a5c   0x00000044   Code   RO         3226    i.prvHeapInit       heap_4.o
    0x08002aa0   0x08002aa0   0x00000018   Code   RO         2765    i.prvIdleTask       tasks.o
    0x08002ab8   0x08002ab8   0x0000007c   Code   RO         2766    i.prvInitialiseNewTask  tasks.o
    0x08002b34   0x08002b34   0x0000004c   Code   RO         3227    i.prvInsertBlockIntoFreeList  heap_4.o
    0x08002b80   0x08002b80   0x0000001c   Code   RO         3083    i.prvIsQueueEmpty   queue.o
    0x08002b9c   0x08002b9c   0x00000020   Code   RO         2767    i.prvResetNextTaskUnblockTime  tasks.o
    0x08002bbc   0x08002bbc   0x00000014   Code   RO         3381    i.prvTaskExitError  port.o
    0x08002bd0   0x08002bd0   0x00000070   Code   RO         3084    i.prvUnlockQueue    queue.o
    0x08002c40   0x08002c40   0x000000b0   Code   RO         3228    i.pvPortMalloc      heap_4.o
    0x08002cf0   0x08002cf0   0x00000018   Code   RO         2769    i.pvTaskIncrementMutexHeldCount  tasks.o
    0x08002d08   0x08002d08   0x00000020   Code   RO         3382    i.pxPortInitialiseStack  port.o
    0x08002d28   0x08002d28   0x0000003c   Code   RO         4140    i.setCell           robot_map.o
    0x08002d64   0x08002d64   0x00000024   Code   RO         3343    i.uxListRemove      list.o
    0x08002d88   0x08002d88   0x00000016   Code   RO         3344    i.vListInitialise   list.o
    0x08002d9e   0x08002d9e   0x00000006   Code   RO         3345    i.vListInitialiseItem  list.o
    0x08002da4   0x08002da4   0x00000030   Code   RO         3346    i.vListInsert       list.o
    0x08002dd4   0x08002dd4   0x00000018   Code   RO         3347    i.vListInsertEnd    list.o
    0x08002dec   0x08002dec   0x00000018   Code   RO         3384    i.vPortEnterCritical  port.o
    0x08002e04   0x08002e04   0x0000001c   Code   RO         3385    i.vPortExitCritical  port.o
    0x08002e20   0x08002e20   0x00000044   Code   RO         3229    i.vPortFree         heap_4.o
    0x08002e64   0x08002e64   0x00000024   Code   RO         3386    i.vPortSetupTimerInterrupt  port.o
    0x08002e88   0x08002e88   0x00000018   Code   RO         3387    i.vPortYield        port.o
    0x08002ea0   0x08002ea0   0x00000030   Code   RO         2775    i.vTaskDelay        tasks.o
    0x08002ed0   0x08002ed0   0x0000000c   Code   RO         2778    i.vTaskMissedYield  tasks.o
    0x08002edc   0x08002edc   0x00000024   Code   RO         2780    i.vTaskPlaceOnEventList  tasks.o
    0x08002f00   0x08002f00   0x00000064   Code   RO         2782    i.vTaskPriorityInherit  tasks.o
    0x08002f64   0x08002f64   0x00000018   Code   RO         2785    i.vTaskSetTimeOutState  tasks.o
    0x08002f7c   0x08002f7c   0x0000004c   Code   RO         2786    i.vTaskStartScheduler  tasks.o
    0x08002fc8   0x08002fc8   0x00000010   Code   RO         2788    i.vTaskSuspendAll   tasks.o
    0x08002fd8   0x08002fd8   0x00000058   Code   RO         2789    i.vTaskSwitchContext  tasks.o
    0x08003030   0x08003030   0x00000030   Code   RO         3388    i.xPortStartScheduler  port.o
    0x08003060   0x08003060   0x00000024   Code   RO         3389    i.xPortSysTickHandler  port.o
    0x08003084   0x08003084   0x00000024   Code   RO         3091    i.xQueueCreateMutex  queue.o
    0x080030a8   0x080030a8   0x0000003e   Code   RO         3092    i.xQueueGenericCreate  queue.o
    0x080030e6   0x080030e6   0x00000138   Code   RO         3093    i.xQueueGenericReceive  queue.o
    0x0800321e   0x0800321e   0x0000006c   Code   RO         3094    i.xQueueGenericReset  queue.o
    0x0800328a   0x0800328a   0x00000118   Code   RO         3095    i.xQueueGenericSend  queue.o
    0x080033a2   0x080033a2   0x00000002   PAD
    0x080033a4   0x080033a4   0x00000054   Code   RO         2790    i.xTaskCheckForTimeOut  tasks.o
    0x080033f8   0x080033f8   0x0000004e   Code   RO         2791    i.xTaskCreate       tasks.o
    0x08003446   0x08003446   0x00000002   PAD
    0x08003448   0x08003448   0x000000c4   Code   RO         2793    i.xTaskGenericNotifyFromISR  tasks.o
    0x0800350c   0x0800350c   0x00000020   Code   RO         2795    i.xTaskGetSchedulerState  tasks.o
    0x0800352c   0x0800352c   0x000000bc   Code   RO         2798    i.xTaskIncrementTick  tasks.o
    0x080035e8   0x080035e8   0x0000007c   Code   RO         2800    i.xTaskNotifyWait   tasks.o
    0x08003664   0x08003664   0x00000068   Code   RO         2801    i.xTaskPriorityDisinherit  tasks.o
    0x080036cc   0x080036cc   0x00000064   Code   RO         2802    i.xTaskRemoveFromEventList  tasks.o
    0x08003730   0x08003730   0x000000ac   Code   RO         2804    i.xTaskResumeAll    tasks.o
    0x080037dc   0x080037dc   0x00000010   Data   RO         3834    .constdata          system_stm32f0xx.o
    0x080037ec   0x080037ec   0x00000008   Data   RO         3835    .constdata          system_stm32f0xx.o
    0x080037f4   0x080037f4   0x0000003c   Data   RO         4034    .constdata          main.o
    0x08003830   0x08003830   0x00000022   Data   RO         4035    .conststring        main.o
    0x08003852   0x08003852   0x00000002   PAD
    0x08003854   0x08003854   0x00000020   Data   RO         4599    Region$$Table       anon$$obj.o


    Execution Region RW_IRAM1 (Exec base: 0x20000000, Load base: 0x08003874, Size: 0x000014b8, Max: 0x00004000, ABSOLUTE)

    Exec Addr    Load Addr    Size         Type   Attr      Idx    E Section Name        Object

    0x20000000   0x08003874   0x00000004   Data   RW         1960    .data               stm32f0xx_hal.o
    0x20000004   0x08003878   0x0000003c   Data   RW         2807    .data               tasks.o
    0x20000040   0x080038b4   0x00000018   Data   RW         3234    .data               heap_4.o
    0x20000058   0x080038cc   0x00000004   Data   RW         3390    .data               port.o
    0x2000005c   0x080038d0   0x00000004   Data   RW         3836    .data               system_stm32f0xx.o
    0x20000060   0x080038d4   0x00000040   Data   RW         4036    .data               main.o
    0x200000a0   0x08003914   0x00000010   Data   RW         4151    .data               robot_map.o
    0x200000b0   0x08003924   0x00000004   Data   RW         4596    .data               mc_p.l(mvars.o)
    0x200000b4   0x08003928   0x00000004   Data   RW         4597    .data               mc_p.l(mvars.o)
    0x200000b8        -       0x000000f0   Zero   RW         2806    .bss                tasks.o
    0x200001a8        -       0x00000c00   Zero   RW         3233    .bss                heap_4.o
    0x20000da8        -       0x00000040   Zero   RW         3869    .bss                stm32f0xx_hal_timebase_tim.o
    0x20000de8        -       0x000000d0   Zero   RW         4033    .bss                main.o
    0x20000eb8        -       0x00000200   Zero   RW            2    HEAP                startup_stm32f072xb.o
    0x200010b8        -       0x00000400   Zero   RW            1    STACK               startup_stm32f072xb.o


==============================================================================

Image component sizes


      Code (inc. data)   RO Data    RW Data    ZI Data      Debug   Object Name

       110          0          0          0          0      10876   cmsis_os.o
       388         22          0         24       3072       4603   heap_4.o
       136          0          0          0          0       3794   list.o
      1622        172         94         64        208      11536   main.o
       370         58          0          4          0       8255   port.o
      1088          0          0          0          0      13526   queue.o
       146         14          0         16          0       3934   robot_map.o
        28          8        192          0       1536        688   startup_stm32f072xb.o
        60         18          0          4          0       2820   stm32f0xx_hal.o
       168         28          0          0          0       9927   stm32f0xx_hal_cortex.o
        72          0          0          0          0       1243   stm32f0xx_hal_dma.o
         0          0          0          0          0     487440   stm32f0xx_hal_flash_ex.o
       390         36          0          0          0       3810   stm32f0xx_hal_gpio.o
       196         22          0          0          0       2308   stm32f0xx_hal_msp.o
      1560        112          0          0          0       6298   stm32f0xx_hal_rcc.o
       288         14          0          0          0       1652   stm32f0xx_hal_rcc_ex.o
      1740        110          0          0          0      16627   stm32f0xx_hal_tim.o
        76          0          0          0          0       2598   stm32f0xx_hal_tim_ex.o
       120         22          0          0         64       1652   stm32f0xx_hal_timebase_tim.o
      1734         56          0          0          0      13340   stm32f0xx_hal_uart.o
         2          0          0          0          0       1132   stm32f0xx_hal_uart_ex.o
       104         20          0          0          0       6680   stm32f0xx_it.o
        92         16         24          4          0       1351   system_stm32f0xx.o
      2052        166          0         60        240      37907   tasks.o

    ----------------------------------------------------------------------
     12564        894        344        176       5120     653997   Object Totals
         0          0         32          0          0          0   (incl. Generated)
        22          0          2          0          0          0   (incl. Padding)

    ----------------------------------------------------------------------

      Code (inc. data)   RO Data    RW Data    ZI Data      Debug   Library Member Name

        28          0          0          0          0         68   calloc.o
         0          0          0          0          0          0   entry.o
         0          0          0          0          0          0   entry10a.o
         0          0          0          0          0          0   entry11a.o
         8          4          0          0          0          0   entry2.o
         4          0          0          0          0          0   entry5.o
         0          0          0          0          0          0   entry7b.o
         0          0          0          0          0          0   entry8b.o
         8          4          0          0          0          0   entry9a.o
        30          0          0          0          0          0   handlers.o
        36          8          0          0          0         68   init.o
         0          0          0          0          0          0   iusefp.o
        32          0          0          0          0         68   llshl.o
        34          0          0          0          0         68   llushr.o
       108         16          0          0          0         76   malloc.o
        36          0          0          0          0         60   memcpya.o
         0          0          0          8          0          0   mvars.o
       386          8          0          0          0        228   printf1.o
        14          0          0          0          0         60   strlen.o
        44          0          0          0          0         72   uidiv.o
       240          6          0          0          0         84   ddiv.o
       236          0          0          0          0        216   depilogue.o
        60         10          0          0          0         68   dfixui.o
        28          4          0          0          0         68   dfltui.o
       208          6          0          0          0         88   dmul.o

    ----------------------------------------------------------------------
      1544         66          0          8          0       1292   Library Totals
         4          0          0          0          0          0   (incl. Padding)

    ----------------------------------------------------------------------

      Code (inc. data)   RO Data    RW Data    ZI Data      Debug   Library Name

       768         40          0          8          0        768   mc_p.l
       772         26          0          0          0        524   mf_p.l

    ----------------------------------------------------------------------
      1544         66          0          8          0       1292   Library Totals

    ----------------------------------------------------------------------

==============================================================================


      Code (inc. data)   RO Data    RW Data    ZI Data      Debug   

     14108        960        344        184       5120     648349   Grand Totals
     14108        960        344        184       5120     648349   ELF Image Totals
     14108        960        344        184          0          0   ROM Totals

==============================================================================

    Total RO  Size (Code + RO Data)                14452 (  14.11kB)
    Total RW  Size (RW Data + ZI Data)              5304 (   5.18kB)
    Total ROM Size (Code + RO Data + RW Data)      14636 (  14.29kB)

==============================================================================

